 library(lavaan)
> library(readr)
> 
> # 1. 读取数据
> dat <- read_csv("d:/narrative3600.csv")

[1mindexing[0m [34mnarrative3600.csv[0m [================================] [32m2.15GB/s[0m, eta: [36m 0s[0m
                                                                                                                   
Rows: 3600 Columns: 121
── Column specification ────────────────────────────────────────────────────────
Delimiter: ","
dbl (121): persona_id, I1, I2, I3, I4, I5, I6, I7, I8, I9, I10, I11, I12, I1...

ℹ Use `spec()` to retrieve the full column specification for this data.
ℹ Specify the column types or set `show_col_types = FALSE` to quiet this message.
> 
> # 2. 定义因子和 facet 索引
> factors <- list(N=1, E=2, O=3, A=4, C=5)
> facet_starts <- c(0,5,10,15,20,25)
> facet_offsets <- c(0,30,60,90)
> 
> # 3. 生成 facet item 列名
> facet_items <- list()
> for(f in names(factors)){
+   facet_items[[f]] <- list()
+   for(k in 1:6){
+     base <- factors[[f]] + facet_starts[k]
+     idxs <- base + facet_offsets
+     facet_items[[f]][[k]] <- paste0("I", idxs)
+   }
+ }
> 
> # 4. 构建 bifactor 模型语法
> # 4.1 G 因子加载所有 facet items
> all_items <- unlist(facet_items)
> all_items_flat <- unlist(all_items)
> G_line <- paste0("G =~ ", paste(all_items_flat, collapse = " + "))
> 
> # 4.2 五大因子加载各自 facet items
> group_lines <- sapply(names(factors), function(f){
+   items_f <- unlist(facet_items[[f]])
+   paste0(f, " =~ ", paste(items_f, collapse = " + "))
+ })
> 
> # 4.3 因子间协方差（G 不与其他因子正交）
> orth_lines <- c(
+   "N ~~ E","N ~~ O","N ~~ A","N ~~ C",
+   "E ~~ O","E ~~ A","E ~~ C",
+   "O ~~ A","O ~~ C",
+   "A ~~ C"
+ )
> 
> # 5. 拼接完整模型
> model_bi <- paste(
+   G_line,
+   paste(group_lines, collapse="\n"),
+   paste(orth_lines, collapse="\n"),
+   sep="\n\n"
+ )
> 
> # 6. 拟合模型：原始 item 为 ordinal，使用 WLSMV
> fit_bi <- cfa(model_bi,
+               data = dat,
+               estimator = "WLSMV",
+               ordered = all_items_flat,
+               std.lv = TRUE)
警告信息:
1: lavaan->lav_model_vcov():  
   Could not compute standard errors! The information matrix could not be 
   inverted. This may be a symptom that the model is not identified. 
2: lavaan->lav_test_satorra_bentler():  
   could not invert information matrix needed for robust test statistic 
3: lavaan->lav_object_post_check():  
   some estimated ov variances are negative 
4: lavaan->lav_object_post_check():  
   covariance matrix of latent variables is not positive definite ; use 
   lavInspect(fit, "cov.lv") to investigate. 
>  summary(fit_bi, fit.measures = TRUE, standardized = TRUE)
lavaan 0.6-19 ended normally after 144 iterations

  Estimator                                       DWLS
  Optimization method                           NLMINB
  Number of model parameters                       672

  Number of observations                          3600

Model Test User Model:
                                                Standard      Scaled
  Test Statistic                              435303.036          NA
  Degrees of freedom                                6885        6885
  P-value (Chi-square)                             0.000          NA
  Scaling correction factor                                       NA
  Shift parameter                                                 NA
                                                                    

Model Test Baseline Model:

  Test statistic                           3588050.039  588580.246
  Degrees of freedom                              7140        7140
  P-value                                        0.000       0.000
  Scaling correction factor                                  6.159

User Model versus Baseline Model:

  Comparative Fit Index (CFI)                    0.880          NA
  Tucker-Lewis Index (TLI)                       0.876          NA
                                                                  
  Robust Comparative Fit Index (CFI)                            NA
  Robust Tucker-Lewis Index (TLI)                               NA

Root Mean Square Error of Approximation:

  RMSEA                                          0.131          NA
  90 Percent confidence interval - lower         0.131          NA
  90 Percent confidence interval - upper         0.132          NA
  P-value H_0: RMSEA <= 0.050                    0.000          NA
  P-value H_0: RMSEA >= 0.080                    1.000          NA
                                                                  
  Robust RMSEA                                                  NA
  90 Percent confidence interval - lower                        NA
  90 Percent confidence interval - upper                        NA
  P-value H_0: Robust RMSEA <= 0.050                            NA
  P-value H_0: Robust RMSEA >= 0.080                            NA

Standardized Root Mean Square Residual:

  SRMR                                           0.152       0.152

Parameter Estimates:

  Parameterization                               Delta
  Standard errors                           Robust.sem
  Information                                 Expected
  Information saturated (h1) model        Unstructured

Latent Variables:
                   Estimate  Std.Err  z-value  P(>|z|)   Std.lv  Std.all
  G =~                                                                  
    I1               -0.177       NA                     -0.177   -0.177
    I31              -0.296       NA                     -0.296   -0.296
    I61              -0.520       NA                     -0.520   -0.520
    I91              -0.206       NA                     -0.206   -0.206
    I6                0.414       NA                      0.414    0.414
    I36               0.063       NA                      0.063    0.063
    I66               0.520       NA                      0.520    0.520
    I96              -0.071       NA                     -0.071   -0.071
    I11              -0.350       NA                     -0.350   -0.350
    I41              -0.506       NA                     -0.506   -0.506
    I71              -0.392       NA                     -0.392   -0.392
    I101             -0.499       NA                     -0.499   -0.499
    I16              -1.149       NA                     -1.149   -1.149
    I46              -1.247       NA                     -1.247   -1.247
    I76              -0.315       NA                     -0.315   -0.315
    I106             -0.618       NA                     -0.618   -0.618
    I21               0.384       NA                      0.384    0.384
    I51               0.382       NA                      0.382    0.382
    I81               0.123       NA                      0.123    0.123
    I111              0.193       NA                      0.193    0.193
    I26              -0.312       NA                     -0.312   -0.312
    I56              -0.279       NA                     -0.279   -0.279
    I86              -0.318       NA                     -0.318   -0.318
    I116             -0.164       NA                     -0.164   -0.164
    I2               -0.109       NA                     -0.109   -0.109
    I32               0.243       NA                      0.243    0.243
    I62              -0.025       NA                     -0.025   -0.025
    I92               0.158       NA                      0.158    0.158
    I7               -0.164       NA                     -0.164   -0.164
    I37               0.137       NA                      0.137    0.137
    I67               0.223       NA                      0.223    0.223
    I97              -0.155       NA                     -0.155   -0.155
    I12               0.713       NA                      0.713    0.713
    I42               0.516       NA                      0.516    0.516
    I72               0.855       NA                      0.855    0.855
    I102              0.373       NA                      0.373    0.373
    I17               0.530       NA                      0.530    0.530
    I47               0.253       NA                      0.253    0.253
    I77               0.323       NA                      0.323    0.323
    I107              0.209       NA                      0.209    0.209
    I22              -0.857       NA                     -0.857   -0.857
    I52              -0.526       NA                     -0.526   -0.526
    I82              -1.348       NA                     -1.348   -1.348
    I112             -0.672       NA                     -0.672   -0.672
    I27               0.777       NA                      0.777    0.777
    I57               0.564       NA                      0.564    0.564
    I87               0.729       NA                      0.729    0.729
    I117              0.475       NA                      0.475    0.475
    I3               -0.186       NA                     -0.186   -0.186
    I33              -0.113       NA                     -0.113   -0.113
    I63              -0.146       NA                     -0.146   -0.146
    I93              -0.116       NA                     -0.116   -0.116
    I8                0.077       NA                      0.077    0.077
    I38               0.014       NA                      0.014    0.014
    I68              -0.117       NA                     -0.117   -0.117
    I98               0.259       NA                      0.259    0.259
    I13              -0.399       NA                     -0.399   -0.399
    I43              -0.026       NA                     -0.026   -0.026
    I73               0.339       NA                      0.339    0.339
    I103             -0.152       NA                     -0.152   -0.152
    I18              -0.081       NA                     -0.081   -0.081
    I48               0.348       NA                      0.348    0.348
    I78               0.093       NA                      0.093    0.093
    I108             -0.103       NA                     -0.103   -0.103
    I23               0.225       NA                      0.225    0.225
    I53               0.207       NA                      0.207    0.207
    I83               0.461       NA                      0.461    0.461
    I113              0.430       NA                      0.430    0.430
    I28              -0.150       NA                     -0.150   -0.150
    I58              -0.572       NA                     -0.572   -0.572
    I88              -0.489       NA                     -0.489   -0.489
    I118             -0.340       NA                     -0.340   -0.340
    I4                0.330       NA                      0.330    0.330
    I34               0.356       NA                      0.356    0.356
    I64               0.423       NA                      0.423    0.423
    I94               0.288       NA                      0.288    0.288
    I9               -0.267       NA                     -0.267   -0.267
    I39               0.441       NA                      0.441    0.441
    I69              -0.078       NA                     -0.078   -0.078
    I99               0.043       NA                      0.043    0.043
    I14               0.157       NA                      0.157    0.157
    I44               0.105       NA                      0.105    0.105
    I74               0.187       NA                      0.187    0.187
    I104              0.105       NA                      0.105    0.105
    I19              -0.245       NA                     -0.245   -0.245
    I49              -0.149       NA                     -0.149   -0.149
    I79               0.056       NA                      0.056    0.056
    I109              0.056       NA                      0.056    0.056
    I24              -0.559       NA                     -0.559   -0.559
    I54              -0.865       NA                     -0.865   -0.865
    I84              -0.791       NA                     -0.791   -0.791
    I114             -0.828       NA                     -0.828   -0.828
    I29              -0.515       NA                     -0.515   -0.515
    I59              -0.330       NA                     -0.330   -0.330
    I89               0.323       NA                      0.323    0.323
    I119             -0.003       NA                     -0.003   -0.003
    I5                0.331       NA                      0.331    0.331
    I35               0.527       NA                      0.527    0.527
    I65               0.273       NA                      0.273    0.273
    I95               0.514       NA                      0.514    0.514
    I10              -0.033       NA                     -0.033   -0.033
    I40               0.122       NA                      0.122    0.122
    I70               0.137       NA                      0.137    0.137
    I100              0.096       NA                      0.096    0.096
    I15              -0.007       NA                     -0.007   -0.007
    I45              -0.109       NA                     -0.109   -0.109
    I75              -0.152       NA                     -0.152   -0.152
    I105             -0.201       NA                     -0.201   -0.201
    I20               0.691       NA                      0.691    0.691
    I50               0.535       NA                      0.535    0.535
    I80               0.528       NA                      0.528    0.528
    I110              0.551       NA                      0.551    0.551
    I25               0.308       NA                      0.308    0.308
    I55               0.498       NA                      0.498    0.498
    I85               0.080       NA                      0.080    0.080
    I115              0.487       NA                      0.487    0.487
    I30              -0.371       NA                     -0.371   -0.371
    I60              -0.194       NA                     -0.194   -0.194
    I90              -0.418       NA                     -0.418   -0.418
    I120             -0.230       NA                     -0.230   -0.230
  N =~                                                                  
    I1                0.666       NA                      0.666    0.666
    I31               0.617       NA                      0.617    0.617
    I61               0.383       NA                      0.383    0.383
    I91               0.741       NA                      0.741    0.741
    I6                0.944       NA                      0.944    0.944
    I36               0.842       NA                      0.842    0.842
    I66               0.978       NA                      0.978    0.978
    I96               0.718       NA                      0.718    0.718
    I11               0.605       NA                      0.605    0.605
    I41               0.465       NA                      0.465    0.465
    I71               0.576       NA                      0.576    0.576
    I101              0.499       NA                      0.499    0.499
    I16              -0.528       NA                     -0.528   -0.528
    I46              -0.662       NA                     -0.662   -0.662
    I76               0.062       NA                      0.062    0.062
    I106             -0.319       NA                     -0.319   -0.319
    I21               1.139       NA                      1.139    1.139
    I51               0.876       NA                      0.876    0.876
    I81               1.123       NA                      1.123    1.123
    I111              0.908       NA                      0.908    0.908
    I26               0.589       NA                      0.589    0.589
    I56               0.627       NA                      0.627    0.627
    I86               0.592       NA                      0.592    0.592
    I116              0.499       NA                      0.499    0.499
  E =~                                                                  
    I2                0.966       NA                      0.966    0.966
    I32               0.685       NA                      0.685    0.685
    I62               0.740       NA                      0.740    0.740
    I92               0.524       NA                      0.524    0.524
    I7                0.970       NA                      0.970    0.970
    I37               0.781       NA                      0.781    0.781
    I67               0.457       NA                      0.457    0.457
    I97               0.820       NA                      0.820    0.820
    I12               0.195       NA                      0.195    0.195
    I42               0.420       NA                      0.420    0.420
    I72               0.014       NA                      0.014    0.014
    I102              0.448       NA                      0.448    0.448
    I17               0.004       NA                      0.004    0.004
    I47               0.325       NA                      0.325    0.325
    I77               0.296       NA                      0.296    0.296
    I107              0.220       NA                      0.220    0.220
    I22               1.285       NA                      1.285    1.285
    I52               1.078       NA                      1.078    1.078
    I82               1.371       NA                      1.371    1.371
    I112              1.059       NA                      1.059    1.059
    I27              -0.022       NA                     -0.022   -0.022
    I57               0.169       NA                      0.169    0.169
    I87               0.029       NA                      0.029    0.029
    I117              0.267       NA                      0.267    0.267
  O =~                                                                  
    I3                0.640       NA                      0.640    0.640
    I33               0.772       NA                      0.772    0.772
    I63               0.710       NA                      0.710    0.710
    I93               0.570       NA                      0.570    0.570
    I8                0.701       NA                      0.701    0.701
    I38               0.578       NA                      0.578    0.578
    I68               0.684       NA                      0.684    0.684
    I98               0.629       NA                      0.629    0.629
    I13               0.554       NA                      0.554    0.554
    I43               0.474       NA                      0.474    0.474
    I73               0.331       NA                      0.331    0.331
    I103              0.537       NA                      0.537    0.537
    I18               0.873       NA                      0.873    0.873
    I48               0.698       NA                      0.698    0.698
    I78               0.739       NA                      0.739    0.739
    I108              0.757       NA                      0.757    0.757
    I23               0.542       NA                      0.542    0.542
    I53               0.656       NA                      0.656    0.656
    I83               0.437       NA                      0.437    0.437
    I113              0.483       NA                      0.483    0.483
    I28               0.715       NA                      0.715    0.715
    I58               0.318       NA                      0.318    0.318
    I88               0.618       NA                      0.618    0.618
    I118              0.498       NA                      0.498    0.498
  A =~                                                                  
    I4                0.504       NA                      0.504    0.504
    I34               0.544       NA                      0.544    0.544
    I64               0.372       NA                      0.372    0.372
    I94               0.526       NA                      0.526    0.526
    I9                0.878       NA                      0.878    0.878
    I39               0.759       NA                      0.759    0.759
    I69               0.934       NA                      0.934    0.934
    I99               0.319       NA                      0.319    0.319
    I14               0.621       NA                      0.621    0.621
    I44               0.593       NA                      0.593    0.593
    I74               0.591       NA                      0.591    0.591
    I104              0.849       NA                      0.849    0.849
    I19               0.324       NA                      0.324    0.324
    I49               0.728       NA                      0.728    0.728
    I79               0.781       NA                      0.781    0.781
    I109              0.620       NA                      0.620    0.620
    I24               0.362       NA                      0.362    0.362
    I54              -0.062       NA                     -0.062   -0.062
    I84               0.077       NA                      0.077    0.077
    I114              0.615       NA                      0.615    0.615
    I29               0.628       NA                      0.628    0.628
    I59               0.713       NA                      0.713    0.713
    I89               0.594       NA                      0.594    0.594
    I119              0.845       NA                      0.845    0.845
  C =~                                                                  
    I5                0.582       NA                      0.582    0.582
    I35               0.350       NA                      0.350    0.350
    I65               0.532       NA                      0.532    0.532
    I95               0.422       NA                      0.422    0.422
    I10               0.711       NA                      0.711    0.711
    I40               0.799       NA                      0.799    0.799
    I70               0.718       NA                      0.718    0.718
    I100              0.813       NA                      0.813    0.813
    I15               0.693       NA                      0.693    0.693
    I45               0.629       NA                      0.629    0.629
    I75               0.583       NA                      0.583    0.583
    I105              0.560       NA                      0.560    0.560
    I20               0.188       NA                      0.188    0.188
    I50               0.219       NA                      0.219    0.219
    I80               0.418       NA                      0.418    0.418
    I110              0.385       NA                      0.385    0.385
    I25               0.586       NA                      0.586    0.586
    I55               0.400       NA                      0.400    0.400
    I85               0.833       NA                      0.833    0.833
    I115              0.362       NA                      0.362    0.362
    I30               1.071       NA                      1.071    1.071
    I60               0.844       NA                      0.844    0.844
    I90               1.114       NA                      1.114    1.114
    I120              0.816       NA                      0.816    0.816

Covariances:
                   Estimate  Std.Err  z-value  P(>|z|)   Std.lv  Std.all
  N ~~                                                                  
    E                -0.202       NA                     -0.202   -0.202
    O                -0.044       NA                     -0.044   -0.044
    A                -0.413       NA                     -0.413   -0.413
    C                -0.796       NA                     -0.796   -0.796
  E ~~                                                                  
    O                 0.414       NA                      0.414    0.414
    A                 0.154       NA                      0.154    0.154
    C                -0.041       NA                     -0.041   -0.041
  O ~~                                                                  
    A                 0.368       NA                      0.368    0.368
    C                -0.220       NA                     -0.220   -0.220
  A ~~                                                                  
    C                 0.261       NA                      0.261    0.261
  G ~~                                                                  
    N                -0.687       NA                     -0.687   -0.687
    E                 0.753       NA                      0.753    0.753
    O                 0.040       NA                      0.040    0.040
    A                 0.166       NA                      0.166    0.166
    C                 0.600       NA                      0.600    0.600

Thresholds:
                   Estimate  Std.Err  z-value  P(>|z|)   Std.lv  Std.all
    I1|t1            -2.686       NA                     -2.686   -2.686
    I1|t2            -1.379       NA                     -1.379   -1.379
    I1|t3             2.460       NA                      2.460    2.460
    I31|t1           -1.493       NA                     -1.493   -1.493
    I31|t2           -0.198       NA                     -0.198   -0.198
    I31|t3            1.897       NA                      1.897    1.897
    I61|t1           -0.655       NA                     -0.655   -0.655
    I61|t2            0.653       NA                      0.653    0.653
    I91|t1           -1.893       NA                     -1.893   -1.893
    I91|t2           -0.333       NA                     -0.333   -0.333
    I91|t3            1.853       NA                      1.853    1.853
    I6|t1            -2.991       NA                     -2.991   -2.991
    I6|t2             0.365       NA                      0.365    0.365
    I6|t3             1.438       NA                      1.438    1.438
    I6|t4             3.452       NA                      3.452    3.452
    I36|t1           -0.976       NA                     -0.976   -0.976
    I36|t2            0.454       NA                      0.454    0.454
    I36|t3            2.638       NA                      2.638    2.638
    I66|t1           -2.241       NA                     -2.241   -2.241
    I66|t2            0.561       NA                      0.561    0.561
    I66|t3            1.451       NA                      1.451    1.451
    I66|t4            3.452       NA                      3.452    3.452
    I96|t1           -1.588       NA                     -1.588   -1.588
    I96|t2            0.431       NA                      0.431    0.431
    I96|t3            3.144       NA                      3.144    3.144
    I11|t1           -2.177       NA                     -2.177   -2.177
    I11|t2           -0.851       NA                     -0.851   -0.851
    I11|t3            2.156       NA                      2.156    2.156
    I41|t1           -3.452       NA                     -3.452   -3.452
    I41|t2           -0.598       NA                     -0.598   -0.598
    I41|t3            0.784       NA                      0.784    0.784
    I71|t1           -1.816       NA                     -1.816   -1.816
    I71|t2           -0.489       NA                     -0.489   -0.489
    I71|t3            2.296       NA                      2.296    2.296
    I101|t1          -3.144       NA                     -3.144   -3.144
    I101|t2          -0.245       NA                     -0.245   -0.245
    I101|t3           1.923       NA                      1.923    1.923
    I16|t1           -2.686       NA                     -2.686   -2.686
    I16|t2           -1.145       NA                     -1.145   -1.145
    I16|t3            0.183       NA                      0.183    0.183
    I16|t4            2.807       NA                      2.807    2.807
    I46|t1           -2.406       NA                     -2.406   -2.406
    I46|t2           -0.471       NA                     -0.471   -0.471
    I46|t3            0.616       NA                      0.616    0.616
    I46|t4            2.935       NA                      2.935    2.935
    I76|t1           -2.394       NA                     -2.394   -2.394
    I76|t2           -2.065       NA                     -2.065   -2.065
    I76|t3            0.108       NA                      0.108    0.108
    I76|t4            2.539       NA                      2.539    2.539
    I106|t1          -2.887       NA                     -2.887   -2.887
    I106|t2          -0.337       NA                     -0.337   -0.337
    I106|t3           2.031       NA                      2.031    2.031
    I21|t1            0.578       NA                      0.578    0.578
    I21|t2            1.906       NA                      1.906    1.906
    I21|t3            2.394       NA                      2.394    2.394
    I51|t1           -1.588       NA                     -1.588   -1.588
    I51|t2            0.188       NA                      0.188    0.188
    I51|t3            1.616       NA                      1.616    1.616
    I51|t4            3.144       NA                      3.144    3.144
    I81|t1           -2.406       NA                     -2.406   -2.406
    I81|t2            0.873       NA                      0.873    0.873
    I81|t3            1.747       NA                      1.747    1.747
    I111|t1          -2.225       NA                     -2.225   -2.225
    I111|t2           0.900       NA                      0.900    0.900
    I111|t3           2.576       NA                      2.576    2.576
    I26|t1           -1.877       NA                     -1.877   -1.877
    I26|t2            0.224       NA                      0.224    0.224
    I26|t3            1.108       NA                      1.108    1.108
    I56|t1           -3.261       NA                     -3.261   -3.261
    I56|t2           -0.950       NA                     -0.950   -0.950
    I56|t3            0.176       NA                      0.176    0.176
    I56|t4            2.287       NA                      2.287    2.287
    I86|t1           -2.268       NA                     -2.268   -2.268
    I86|t2           -0.404       NA                     -0.404   -0.404
    I86|t3            0.647       NA                      0.647    0.647
    I86|t4            3.261       NA                      3.261    3.261
    I116|t1          -1.777       NA                     -1.777   -1.777
    I116|t2           1.329       NA                      1.329    1.329
    I116|t3           2.432       NA                      2.432    2.432
    I2|t1             0.033       NA                      0.033    0.033
    I2|t2             2.071       NA                      2.071    2.071
    I2|t3             3.261       NA                      3.261    3.261
    I32|t1           -1.401       NA                     -1.401   -1.401
    I32|t2            0.731       NA                      0.731    0.731
    I32|t3            2.296       NA                      2.296    2.296
    I62|t1           -0.957       NA                     -0.957   -0.957
    I62|t2           -0.068       NA                     -0.068   -0.068
    I62|t3            2.326       NA                      2.326    2.326
    I92|t1           -2.316       NA                     -2.316   -2.316
    I92|t2           -0.246       NA                     -0.246   -0.246
    I92|t3            1.543       NA                      1.543    1.543
    I7|t1             0.266       NA                      0.266    0.266
    I7|t2             2.596       NA                      2.596    2.596
    I7|t3             3.261       NA                      3.261    3.261
    I37|t1           -1.312       NA                     -1.312   -1.312
    I37|t2            0.803       NA                      0.803    0.803
    I37|t3            1.906       NA                      1.906    1.906
    I37|t4            2.662       NA                      2.662    2.662
    I67|t1           -2.887       NA                     -2.887   -2.887
    I67|t2            0.505       NA                      0.505    0.505
    I67|t3            1.845       NA                      1.845    1.845
    I97|t1           -2.475       NA                     -2.475   -2.475
    I97|t2           -0.016       NA                     -0.016   -0.016
    I97|t3            1.798       NA                      1.798    1.798
    I97|t4            3.144       NA                      3.144    3.144
    I12|t1           -3.452       NA                     -3.452   -3.452
    I12|t2           -0.873       NA                     -0.873   -0.873
    I12|t3            0.369       NA                      0.369    0.369
    I12|t4            1.527       NA                      1.527    1.527
    I42|t1           -2.557       NA                     -2.557   -2.557
    I42|t2            0.271       NA                      0.271    0.271
    I42|t3            0.822       NA                      0.822    0.822
    I42|t4            2.268       NA                      2.268    2.268
    I72|t1           -1.203       NA                     -1.203   -1.203
    I72|t2            0.215       NA                      0.215    0.215
    I72|t3            1.588       NA                      1.588    1.588
    I102|t1          -3.452       NA                     -3.452   -3.452
    I102|t2          -0.867       NA                     -0.867   -0.867
    I102|t3          -0.713       NA                     -0.713   -0.713
    I102|t4           2.250       NA                      2.250    2.250
    I17|t1           -3.144       NA                     -3.144   -3.144
    I17|t2           -1.885       NA                     -1.885   -1.885
    I17|t3           -1.048       NA                     -1.048   -1.048
    I17|t4           -0.008       NA                     -0.008   -0.008
    I47|t1           -2.394       NA                     -2.394   -2.394
    I47|t2            0.006       NA                      0.006    0.006
    I47|t3            0.458       NA                      0.458    0.458
    I47|t4            1.252       NA                      1.252    1.252
    I77|t1           -1.613       NA                     -1.613   -1.613
    I77|t2            0.272       NA                      0.272    0.272
    I77|t3            1.073       NA                      1.073    1.073
    I77|t4            2.216       NA                      2.216    2.216
    I107|t1          -3.059       NA                     -3.059   -3.059
    I107|t2          -0.875       NA                     -0.875   -0.875
    I107|t3          -0.490       NA                     -0.490   -0.490
    I107|t4           1.447       NA                      1.447    1.447
    I22|t1           -2.163       NA                     -2.163   -2.163
    I22|t2            0.483       NA                      0.483    0.483
    I22|t3            1.777       NA                      1.777    1.777
    I52|t1           -1.557       NA                     -1.557   -1.557
    I52|t2            0.476       NA                      0.476    0.476
    I52|t3            1.349       NA                      1.349    1.349
    I52|t4            2.557       NA                      2.557    2.557
    I82|t1           -1.548       NA                     -1.548   -1.548
    I82|t2            1.586       NA                      1.586    1.586
    I82|t3            1.770       NA                      1.770    1.770
    I112|t1           1.808       NA                      1.808    1.808
    I112|t2           2.662       NA                      2.662    2.662
    I112|t3           2.887       NA                      2.887    2.887
    I112|t4           3.452       NA                      3.452    3.452
    I27|t1           -1.653       NA                     -1.653   -1.653
    I27|t2           -0.082       NA                     -0.082   -0.082
    I27|t3            1.774       NA                      1.774    1.774
    I57|t1           -2.042       NA                     -2.042   -2.042
    I57|t2            0.590       NA                      0.590    0.590
    I57|t3            2.419       NA                      2.419    2.419
    I87|t1           -3.059       NA                     -3.059   -3.059
    I87|t2           -1.274       NA                     -1.274   -1.274
    I87|t3           -0.168       NA                     -0.168   -0.168
    I87|t4            2.773       NA                      2.773    2.773
    I117|t1          -2.845       NA                     -2.845   -2.845
    I117|t2          -0.740       NA                     -0.740   -0.740
    I117|t3           1.141       NA                      1.141    1.141
    I3|t1            -2.662       NA                     -2.662   -2.662
    I3|t2            -0.344       NA                     -0.344   -0.344
    I3|t3             0.409       NA                      0.409    0.409
    I3|t4             1.183       NA                      1.183    1.183
    I33|t1           -1.181       NA                     -1.181   -1.181
    I33|t2            0.668       NA                      0.668    0.668
    I33|t3            1.070       NA                      1.070    1.070
    I33|t4            1.690       NA                      1.690    1.690
    I63|t1           -1.960       NA                     -1.960   -1.960
    I63|t2           -0.527       NA                     -0.527   -0.527
    I63|t3           -0.133       NA                     -0.133   -0.133
    I63|t4            1.897       NA                      1.897    1.897
    I93|t1           -3.452       NA                     -3.452   -3.452
    I93|t2           -2.216       NA                     -2.216   -2.216
    I93|t3           -1.063       NA                     -1.063   -1.063
    I93|t4            0.729       NA                      0.729    0.729
    I8|t1            -2.370       NA                     -2.370   -2.370
    I8|t2            -0.638       NA                     -0.638   -0.638
    I8|t3             0.271       NA                      0.271    0.271
    I8|t4             1.023       NA                      1.023    1.023
    I38|t1           -2.991       NA                     -2.991   -2.991
    I38|t2           -2.128       NA                     -2.128   -2.128
    I38|t3           -0.848       NA                     -0.848   -0.848
    I38|t4            0.561       NA                      0.561    0.561
    I68|t1           -2.596       NA                     -2.596   -2.596
    I68|t2           -1.642       NA                     -1.642   -1.642
    I68|t3           -0.504       NA                     -0.504   -0.504
    I68|t4            1.254       NA                      1.254    1.254
    I98|t1           -1.910       NA                     -1.910   -1.910
    I98|t2           -1.034       NA                     -1.034   -1.034
    I98|t3           -0.223       NA                     -0.223   -0.223
    I98|t4            1.664       NA                      1.664    1.664
    I13|t1           -1.979       NA                     -1.979   -1.979
    I13|t2           -0.366       NA                     -0.366   -0.366
    I13|t3            1.246       NA                      1.246    1.246
    I43|t1           -2.296       NA                     -2.296   -2.296
    I43|t2           -1.136       NA                     -1.136   -1.136
    I43|t3            1.690       NA                      1.690    1.690
    I73|t1           -1.970       NA                     -1.970   -1.970
    I73|t2           -0.631       NA                     -0.631   -0.631
    I73|t3            2.742       NA                      2.742    2.742
    I103|t1          -1.606       NA                     -1.606   -1.606
    I103|t2          -0.823       NA                     -0.823   -0.823
    I103|t3           1.873       NA                      1.873    1.873
    I18|t1           -2.991       NA                     -2.991   -2.991
    I18|t2            0.422       NA                      0.422    0.422
    I18|t3            1.022       NA                      1.022    1.022
    I18|t4            1.928       NA                      1.928    1.928
    I48|t1           -2.596       NA                     -2.596   -2.596
    I48|t2           -0.045       NA                     -0.045   -0.045
    I48|t3            0.807       NA                      0.807    0.807
    I48|t4            2.991       NA                      2.991    2.991
    I78|t1           -2.277       NA                     -2.277   -2.277
    I78|t2           -0.274       NA                     -0.274   -0.274
    I78|t3            0.840       NA                      0.840    0.840
    I78|t4            2.020       NA                      2.020    2.020
    I108|t1          -2.102       NA                     -2.102   -2.102
    I108|t2          -0.051       NA                     -0.051   -0.051
    I108|t3           1.075       NA                      1.075    1.075
    I108|t4           2.170       NA                      2.170    2.170
    I23|t1           -2.370       NA                     -2.370   -2.370
    I23|t2           -1.413       NA                     -1.413   -1.413
    I23|t3           -0.281       NA                     -0.281   -0.281
    I23|t4            1.593       NA                      1.593    1.593
    I53|t1           -3.452       NA                     -3.452   -3.452
    I53|t2           -1.398       NA                     -1.398   -1.398
    I53|t3            0.539       NA                      0.539    0.539
    I53|t4            2.406       NA                      2.406    2.406
    I83|t1           -2.773       NA                     -2.773   -2.773
    I83|t2           -1.221       NA                     -1.221   -1.221
    I83|t3            1.687       NA                      1.687    1.687
    I113|t1          -2.845       NA                     -2.845   -2.845
    I113|t2          -0.873       NA                     -0.873   -0.873
    I113|t3           0.358       NA                      0.358    0.358
    I113|t4           2.287       NA                      2.287    2.287
    I28|t1           -2.991       NA                     -2.991   -2.991
    I28|t2           -0.213       NA                     -0.213   -0.213
    I28|t3            2.887       NA                      2.887    2.887
    I58|t1           -1.379       NA                     -1.379   -1.379
    I58|t2           -0.306       NA                     -0.306   -0.306
    I58|t3            0.762       NA                      0.762    0.762
    I58|t4            2.686       NA                      2.686    2.686
    I88|t1           -1.598       NA                     -1.598   -1.598
    I88|t2            0.490       NA                      0.490    0.490
    I88|t3            0.809       NA                      0.809    0.809
    I118|t1          -2.225       NA                     -2.225   -2.225
    I118|t2          -0.447       NA                     -0.447   -0.447
    I118|t3           1.283       NA                      1.283    1.283
    I118|t4           3.261       NA                      3.261    3.261
    I4|t1            -3.452       NA                     -3.452   -3.452
    I4|t2            -0.814       NA                     -0.814   -0.814
    I4|t3             1.008       NA                      1.008    1.008
    I34|t1           -2.887       NA                     -2.887   -2.887
    I34|t2           -0.887       NA                     -0.887   -0.887
    I34|t3            0.465       NA                      0.465    0.465
    I34|t4            3.452       NA                      3.452    3.452
    I64|t1           -3.059       NA                     -3.059   -3.059
    I64|t2           -0.557       NA                     -0.557   -0.557
    I64|t3            1.144       NA                      1.144    1.144
    I94|t1           -2.277       NA                     -2.277   -2.277
    I94|t2           -0.493       NA                     -0.493   -0.493
    I94|t3            1.324       NA                      1.324    1.324
    I9|t1            -2.268       NA                     -2.268   -2.268
    I9|t2            -2.060       NA                     -2.060   -2.060
    I9|t3            -1.339       NA                     -1.339   -1.339
    I39|t1           -2.845       NA                     -2.845   -2.845
    I39|t2           -2.337       NA                     -2.337   -2.337
    I39|t3           -2.142       NA                     -2.142   -2.142
    I39|t4           -1.919       NA                     -1.919   -1.919
    I69|t1           -3.261       NA                     -3.261   -3.261
    I69|t2           -2.539       NA                     -2.539   -2.539
    I69|t3           -2.419       NA                     -2.419   -2.419
    I69|t4           -2.216       NA                     -2.216   -2.216
    I99|t1           -3.452       NA                     -3.452   -3.452
    I99|t2           -3.261       NA                     -3.261   -3.261
    I99|t3           -3.144       NA                     -3.144   -3.144
    I99|t4           -0.954       NA                     -0.954   -0.954
    I14|t1           -3.144       NA                     -3.144   -3.144
    I14|t2           -2.048       NA                     -2.048   -2.048
    I14|t3           -0.638       NA                     -0.638   -0.638
    I14|t4            0.782       NA                      0.782    0.782
    I44|t1           -2.241       NA                     -2.241   -2.241
    I44|t2           -1.082       NA                     -1.082   -1.082
    I44|t3            1.061       NA                      1.061    1.061
    I74|t1           -2.935       NA                     -2.935   -2.935
    I74|t2           -1.189       NA                     -1.189   -1.189
    I74|t3            1.176       NA                      1.176    1.176
    I104|t1          -2.382       NA                     -2.382   -2.382
    I104|t2          -1.521       NA                     -1.521   -1.521
    I104|t3          -0.370       NA                     -0.370   -0.370
    I19|t1           -3.452       NA                     -3.452   -3.452
    I19|t2           -1.999       NA                     -1.999   -1.999
    I19|t3           -1.342       NA                     -1.342   -1.342
    I19|t4           -0.418       NA                     -0.418   -0.418
    I49|t1           -3.452       NA                     -3.452   -3.452
    I49|t2           -2.662       NA                     -2.662   -2.662
    I49|t3           -1.877       NA                     -1.877   -1.877
    I49|t4           -0.263       NA                     -0.263   -0.263
    I79|t1           -3.452       NA                     -3.452   -3.452
    I79|t2           -2.557       NA                     -2.557   -2.557
    I79|t3           -1.738       NA                     -1.738   -1.738
    I109|t1          -2.887       NA                     -2.887   -2.887
    I109|t2          -2.128       NA                     -2.128   -2.128
    I109|t3          -1.794       NA                     -1.794   -1.794
    I109|t4          -1.006       NA                     -1.006   -1.006
    I24|t1           -2.596       NA                     -2.596   -2.596
    I24|t2           -2.083       NA                     -2.083   -2.083
    I24|t3           -0.405       NA                     -0.405   -0.405
    I54|t1           -1.493       NA                     -1.493   -1.493
    I54|t2            0.260       NA                      0.260    0.260
    I54|t3            2.713       NA                      2.713    2.713
    I84|t1           -3.452       NA                     -3.452   -3.452
    I84|t2           -1.812       NA                     -1.812   -1.812
    I84|t3            0.715       NA                      0.715    0.715
    I84|t4            2.156       NA                      2.156    2.156
    I114|t1          -3.144       NA                     -3.144   -3.144
    I114|t2          -2.268       NA                     -2.268   -2.268
    I114|t3          -1.142       NA                     -1.142   -1.142
    I29|t1           -3.452       NA                     -3.452   -3.452
    I29|t2           -3.059       NA                     -3.059   -3.059
    I29|t3           -0.143       NA                     -0.143   -0.143
    I59|t1           -2.935       NA                     -2.935   -2.935
    I59|t2           -1.757       NA                     -1.757   -1.757
    I59|t3            0.010       NA                      0.010    0.010
    I89|t1           -1.536       NA                     -1.536   -1.536
    I89|t2           -0.845       NA                     -0.845   -0.845
    I89|t3            1.881       NA                      1.881    1.881
    I119|t1          -2.713       NA                     -2.713   -2.713
    I119|t2          -1.629       NA                     -1.629   -1.629
    I119|t3           0.061       NA                      0.061    0.061
    I5|t1            -2.419       NA                     -2.419   -2.419
    I5|t2            -1.923       NA                     -1.923   -1.923
    I5|t3             0.208       NA                      0.208    0.208
    I35|t1           -2.991       NA                     -2.991   -2.991
    I35|t2           -2.102       NA                     -2.102   -2.102
    I35|t3           -0.911       NA                     -0.911   -0.911
    I35|t4            0.911       NA                      0.911    0.911
    I65|t1           -1.787       NA                     -1.787   -1.787
    I65|t2           -1.056       NA                     -1.056   -1.056
    I65|t3            1.334       NA                      1.334    1.334
    I95|t1           -2.071       NA                     -2.071   -2.071
    I95|t2           -1.080       NA                     -1.080   -1.080
    I95|t3            1.156       NA                      1.156    1.156
    I10|t1           -1.865       NA                     -1.865   -1.865
    I10|t2           -0.438       NA                     -0.438   -0.438
    I10|t3            1.152       NA                      1.152    1.152
    I40|t1           -2.686       NA                     -2.686   -2.686
    I40|t2           -1.356       NA                     -1.356   -1.356
    I40|t3           -0.413       NA                     -0.413   -0.413
    I40|t4            1.206       NA                      1.206    1.206
    I70|t1           -1.951       NA                     -1.951   -1.951
    I70|t2           -0.791       NA                     -0.791   -0.791
    I70|t3            1.244       NA                      1.244    1.244
    I100|t1          -1.518       NA                     -1.518   -1.518
    I100|t2          -0.624       NA                     -0.624   -0.624
    I100|t3           1.411       NA                      1.411    1.411
    I15|t1           -3.452       NA                     -3.452   -3.452
    I15|t2           -2.596       NA                     -2.596   -2.596
    I15|t3           -2.326       NA                     -2.326   -2.326
    I15|t4           -1.596       NA                     -1.596   -1.596
    I45|t1           -3.452       NA                     -3.452   -3.452
    I45|t2           -2.200       NA                     -2.200   -2.200
    I45|t3           -1.661       NA                     -1.661   -1.661
    I45|t4           -0.705       NA                     -0.705   -0.705
    I75|t1           -2.686       NA                     -2.686   -2.686
    I75|t2           -1.321       NA                     -1.321   -1.321
    I75|t3           -0.905       NA                     -0.905   -0.905
    I75|t4           -0.344       NA                     -0.344   -0.344
    I105|t1          -2.506       NA                     -2.506   -2.506
    I105|t2          -2.259       NA                     -2.259   -2.259
    I105|t3          -1.777       NA                     -1.777   -1.777
    I20|t1           -3.261       NA                     -3.261   -3.261
    I20|t2           -2.490       NA                     -2.490   -2.490
    I20|t3           -1.199       NA                     -1.199   -1.199
    I50|t1           -2.475       NA                     -2.475   -2.475
    I50|t2           -1.984       NA                     -1.984   -1.984
    I50|t3           -0.612       NA                     -0.612   -0.612
    I50|t4            0.382       NA                      0.382    0.382
    I80|t1           -1.841       NA                     -1.841   -1.841
    I80|t2           -1.426       NA                     -1.426   -1.426
    I80|t3           -0.637       NA                     -0.637   -0.637
    I110|t1          -2.991       NA                     -2.991   -2.991
    I110|t2          -2.326       NA                     -2.326   -2.326
    I110|t3          -1.137       NA                     -1.137   -1.137
    I25|t1           -2.773       NA                     -2.773   -2.773
    I25|t2           -1.413       NA                     -1.413   -1.413
    I25|t3           -0.848       NA                     -0.848   -0.848
    I25|t4            0.850       NA                      0.850    0.850
    I55|t1           -3.261       NA                     -3.261   -3.261
    I55|t2           -2.460       NA                     -2.460   -2.460
    I55|t3           -1.111       NA                     -1.111   -1.111
    I55|t4            1.018       NA                      1.018    1.018
    I85|t1           -0.858       NA                     -0.858   -0.858
    I85|t2           -0.566       NA                     -0.566   -0.566
    I85|t3            1.264       NA                      1.264    1.264
    I115|t1          -3.452       NA                     -3.452   -3.452
    I115|t2          -1.327       NA                     -1.327   -1.327
    I115|t3          -0.642       NA                     -0.642   -0.642
    I115|t4           1.642       NA                      1.642    1.642
    I30|t1           -3.452       NA                     -3.452   -3.452
    I30|t2           -1.853       NA                     -1.853   -1.853
    I30|t3           -1.508       NA                     -1.508   -1.508
    I30|t4           -0.019       NA                     -0.019   -0.019
    I60|t1           -2.596       NA                     -2.596   -2.596
    I60|t2           -1.747       NA                     -1.747   -1.747
    I60|t3           -1.319       NA                     -1.319   -1.319
    I60|t4            0.438       NA                      0.438    0.438
    I90|t1           -1.770       NA                     -1.770   -1.770
    I90|t2           -1.508       NA                     -1.508   -1.508
    I90|t3            1.157       NA                      1.157    1.157
    I120|t1          -2.935       NA                     -2.935   -2.935
    I120|t2          -2.065       NA                     -2.065   -2.065
    I120|t3          -1.812       NA                     -1.812   -1.812
    I120|t4           0.078       NA                      0.078    0.078

Variances:
                   Estimate  Std.Err  z-value  P(>|z|)   Std.lv  Std.all
   .I1                0.363                               0.363    0.363
   .I31               0.280                               0.280    0.280
   .I61               0.308                               0.308    0.308
   .I91               0.199                               0.199    0.199
   .I6                0.475                               0.475    0.475
   .I36               0.361                               0.361    0.361
   .I66               0.473                               0.473    0.473
   .I96               0.410                               0.410    0.410
   .I11               0.220                               0.220    0.220
   .I41               0.204                               0.204    0.204
   .I71               0.205                               0.205    0.205
   .I101              0.161                               0.161    0.161
   .I16               0.234                               0.234    0.234
   .I46               0.140                               0.140    0.140
   .I76               0.870                               0.870    0.870
   .I106              0.787                               0.787    0.787
   .I21               0.157                               0.157    0.157
   .I51               0.546                               0.546    0.546
   .I81              -0.086                              -0.086   -0.086
   .I111              0.380                               0.380    0.380
   .I26               0.304                               0.304    0.304
   .I56               0.289                               0.289    0.289
   .I86               0.291                               0.291    0.291
   .I116              0.612                               0.612    0.612
   .I2                0.213                               0.213    0.213
   .I32               0.220                               0.220    0.220
   .I62               0.479                               0.479    0.479
   .I92               0.576                               0.576    0.576
   .I7                0.272                               0.272    0.272
   .I37               0.210                               0.210    0.210
   .I67               0.589                               0.589    0.589
   .I97               0.494                               0.494    0.494
   .I12               0.244                               0.244    0.244
   .I42               0.232                               0.232    0.232
   .I72               0.250                               0.250    0.250
   .I102              0.408                               0.408    0.408
   .I17               0.716                               0.716    0.716
   .I47               0.706                               0.706    0.706
   .I77               0.664                               0.664    0.664
   .I107              0.839                               0.839    0.839
   .I22               0.272                               0.272    0.272
   .I52               0.415                               0.415    0.415
   .I82               0.086                               0.086    0.086
   .I112              0.499                               0.499    0.499
   .I27               0.421                               0.421    0.421
   .I57               0.510                               0.510    0.510
   .I87               0.436                               0.436    0.436
   .I117              0.512                               0.512    0.512
   .I3                0.565                               0.565    0.565
   .I33               0.399                               0.399    0.399
   .I63               0.483                               0.483    0.483
   .I93               0.667                               0.667    0.667
   .I8                0.499                               0.499    0.499
   .I38               0.665                               0.665    0.665
   .I68               0.525                               0.525    0.525
   .I98               0.524                               0.524    0.524
   .I13               0.552                               0.552    0.552
   .I43               0.776                               0.776    0.776
   .I73               0.767                               0.767    0.767
   .I103              0.695                               0.695    0.695
   .I18               0.236                               0.236    0.236
   .I48               0.372                               0.372    0.372
   .I78               0.440                               0.440    0.440
   .I108              0.422                               0.422    0.422
   .I23               0.646                               0.646    0.646
   .I53               0.516                               0.516    0.516
   .I83               0.580                               0.580    0.580
   .I113              0.565                               0.565    0.565
   .I28               0.475                               0.475    0.475
   .I58               0.586                               0.586    0.586
   .I88               0.403                               0.403    0.403
   .I118              0.651                               0.651    0.651
   .I4                0.582                               0.582    0.582
   .I34               0.513                               0.513    0.513
   .I64               0.630                               0.630    0.630
   .I94               0.590                               0.590    0.590
   .I9                0.237                               0.237    0.237
   .I39               0.118                               0.118    0.118
   .I69               0.145                               0.145    0.145
   .I99               0.892                               0.892    0.892
   .I14               0.558                               0.558    0.558
   .I44               0.617                               0.617    0.617
   .I74               0.579                               0.579    0.579
   .I104              0.239                               0.239    0.239
   .I19               0.861                               0.861    0.861
   .I49               0.484                               0.484    0.484
   .I79               0.372                               0.372    0.372
   .I109              0.600                               0.600    0.600
   .I24               0.624                               0.624    0.624
   .I54               0.230                               0.230    0.230
   .I84               0.389                               0.389    0.389
   .I114              0.106                               0.106    0.106
   .I29               0.448                               0.448    0.448
   .I59               0.461                               0.461    0.461
   .I89               0.480                               0.480    0.480
   .I119              0.288                               0.288    0.288
   .I5                0.322                               0.322    0.322
   .I35               0.378                               0.378    0.378
   .I65               0.467                               0.467    0.467
   .I95               0.298                               0.298    0.298
   .I10               0.522                               0.522    0.522
   .I40               0.229                               0.229    0.229
   .I70               0.346                               0.346    0.346
   .I100              0.236                               0.236    0.236
   .I15               0.525                               0.525    0.525
   .I45               0.675                               0.675    0.675
   .I75               0.743                               0.743    0.743
   .I105              0.781                               0.781    0.781
   .I20               0.332                               0.332    0.332
   .I50               0.526                               0.526    0.526
   .I80               0.282                               0.282    0.282
   .I110              0.294                               0.294    0.294
   .I25               0.346                               0.346    0.346
   .I55               0.353                               0.353    0.353
   .I85               0.219                               0.219    0.219
   .I115              0.421                               0.421    0.421
   .I30               0.191                               0.191    0.191
   .I60               0.446                               0.446    0.446
   .I90               0.142                               0.142    0.142
   .I120              0.506                               0.506    0.506
    G                 1.000                               1.000    1.000
    N                 1.000                               1.000    1.000
    E                 1.000                               1.000    1.000
    O                 1.000                               1.000    1.000
    A                 1.000                               1.000    1.000
    C                 1.000                               1.000    1.000

> 
> # 7. 查看拟合指标
> fitMeasures(fit_bi, c("cfi","tli","rmsea","srmr"))
  cfi   tli rmsea  srmr 
0.880 0.876 0.131 0.152 
> 
> # 8. 查看潜变量协方差，确保正定
> lavInspect(fit_bi, "cov.lv")
       G      N      E      O      A      C
G  1.000                                   
N -0.687  1.000                            
E  0.753 -0.202  1.000                     
O  0.040 -0.044  0.414  1.000              
A  0.166 -0.413  0.154  0.368  1.000       
C  0.600 -0.796 -0.041 -0.220  0.261  1.000
> 
> 
