 library(lavaan)
> library(readr)
> 
> # 1. 读取数据
> dat <- read_csv("d:/output1.csv")

[1mindexing[0m [34moutput1.csv[0m [======================================] [32m2.15GB/s[0m, eta: [36m 0s[0m
                                                                                                                   
Rows: 3600 Columns: 123
── Column specification ────────────────────────────────────────────────────────
Delimiter: ","
dbl (123): CASE, SEX, AGE, I1, I2, I3, I4, I5, I6, I7, I8, I9, I10, I11, I12...

ℹ Use `spec()` to retrieve the full column specification for this data.
ℹ Specify the column types or set `show_col_types = FALSE` to quiet this message.
> 
> # 2. 定义因子和 facet 索引
> factors <- list(N=1, E=2, O=3, A=4, C=5)
> facet_starts <- c(0,5,10,15,20,25)
> facet_offsets <- c(0,30,60,90)
> 
> # 3. 生成 facet item 列名
> facet_items <- list()
> for(f in names(factors)){
+   facet_items[[f]] <- list()
+   for(k in 1:6){
+     base <- factors[[f]] + facet_starts[k]
+     idxs <- base + facet_offsets
+     facet_items[[f]][[k]] <- paste0("I", idxs)
+   }
+ }
> 
> # 4. 构建 bifactor 模型语法
> # 4.1 G 因子加载所有 facet items
> all_items <- unlist(facet_items)
> all_items_flat <- unlist(all_items)
> G_line <- paste0("G =~ ", paste(all_items_flat, collapse = " + "))
> 
> # 4.2 五大因子加载各自 facet items
> group_lines <- sapply(names(factors), function(f){
+   items_f <- unlist(facet_items[[f]])
+   paste0(f, " =~ ", paste(items_f, collapse = " + "))
+ })
> 
> # 4.3 因子间协方差（G 不与其他因子正交）
> orth_lines <- c(
+   "N ~~ E","N ~~ O","N ~~ A","N ~~ C",
+   "E ~~ O","E ~~ A","E ~~ C",
+   "O ~~ A","O ~~ C",
+   "A ~~ C"
+ )
> 
> # 5. 拼接完整模型
> model_bi <- paste(
+   G_line,
+   paste(group_lines, collapse="\n"),
+   paste(orth_lines, collapse="\n"),
+   sep="\n\n"
+ )
> 
> # 6. 拟合模型：原始 item 为 ordinal，使用 WLSMV
> fit_bi <- cfa(model_bi,
+               data = dat,
+               estimator = "WLSMV",
+               ordered = all_items_flat,
+               std.lv = TRUE)
警告信息:
1: lavaan->lav_model_vcov():  
   Could not compute standard errors! The information matrix could not be 
   inverted. This may be a symptom that the model is not identified. 
2: lavaan->lav_test_satorra_bentler():  
   could not invert information matrix needed for robust test statistic 
>  summary(fit_bi, fit.measures = TRUE, standardized = TRUE)
lavaan 0.6-19 ended normally after 102 iterations

  Estimator                                       DWLS
  Optimization method                           NLMINB
  Number of model parameters                       855

  Number of observations                          3600

Model Test User Model:
                                                Standard      Scaled
  Test Statistic                              255953.262          NA
  Degrees of freedom                                6885        6885
  P-value (Chi-square)                             0.000          NA
  Scaling correction factor                                       NA
  Shift parameter                                                 NA
                                                                    

Model Test Baseline Model:

  Test statistic                           1470358.456  349482.622
  Degrees of freedom                              7140        7140
  P-value                                        0.000       0.000
  Scaling correction factor                                  4.274

User Model versus Baseline Model:

  Comparative Fit Index (CFI)                    0.830          NA
  Tucker-Lewis Index (TLI)                       0.823          NA
                                                                  
  Robust Comparative Fit Index (CFI)                            NA
  Robust Tucker-Lewis Index (TLI)                               NA

Root Mean Square Error of Approximation:

  RMSEA                                          0.100          NA
  90 Percent confidence interval - lower         0.100          NA
  90 Percent confidence interval - upper         0.101          NA
  P-value H_0: RMSEA <= 0.050                    0.000          NA
  P-value H_0: RMSEA >= 0.080                    1.000          NA
                                                                  
  Robust RMSEA                                                  NA
  90 Percent confidence interval - lower                        NA
  90 Percent confidence interval - upper                        NA
  P-value H_0: Robust RMSEA <= 0.050                            NA
  P-value H_0: Robust RMSEA >= 0.080                            NA

Standardized Root Mean Square Residual:

  SRMR                                           0.088       0.088

Parameter Estimates:

  Parameterization                               Delta
  Standard errors                           Robust.sem
  Information                                 Expected
  Information saturated (h1) model        Unstructured

Latent Variables:
                   Estimate  Std.Err  z-value  P(>|z|)   Std.lv  Std.all
  G =~                                                                  
    I1                0.391       NA                      0.391    0.391
    I31               0.473       NA                      0.473    0.473
    I61               0.519       NA                      0.519    0.519
    I91               0.476       NA                      0.476    0.476
    I6                0.190       NA                      0.190    0.190
    I36               0.274       NA                      0.274    0.274
    I66               0.209       NA                      0.209    0.209
    I96               0.263       NA                      0.263    0.263
    I11               0.576       NA                      0.576    0.576
    I41               0.671       NA                      0.671    0.671
    I71               0.670       NA                      0.670    0.670
    I101              0.622       NA                      0.622    0.622
    I16               0.619       NA                      0.619    0.619
    I46               0.550       NA                      0.550    0.550
    I76               0.528       NA                      0.528    0.528
    I106              0.457       NA                      0.457    0.457
    I21               0.111       NA                      0.111    0.111
    I51               0.016       NA                      0.016    0.016
    I81               0.105       NA                      0.105    0.105
    I111              0.220       NA                      0.220    0.220
    I26               0.458       NA                      0.458    0.458
    I56               0.395       NA                      0.395    0.395
    I86               0.596       NA                      0.596    0.596
    I116              0.431       NA                      0.431    0.431
    I2               -0.352       NA                     -0.352   -0.352
    I32              -0.459       NA                     -0.459   -0.459
    I62              -0.557       NA                     -0.557   -0.557
    I92              -0.482       NA                     -0.482   -0.482
    I7                0.147       NA                      0.147    0.147
    I37              -0.149       NA                     -0.149   -0.149
    I67              -0.274       NA                     -0.274   -0.274
    I97              -0.191       NA                     -0.191   -0.191
    I12              -0.791       NA                     -0.791   -0.791
    I42              -0.612       NA                     -0.612   -0.612
    I72              -0.862       NA                     -0.862   -0.862
    I102             -0.707       NA                     -0.707   -0.707
    I17              -0.805       NA                     -0.805   -0.805
    I47              -0.693       NA                     -0.693   -0.693
    I77              -0.808       NA                     -0.808   -0.808
    I107             -0.382       NA                     -0.382   -0.382
    I22               0.221       NA                      0.221    0.221
    I52               0.069       NA                      0.069    0.069
    I82               0.781       NA                      0.781    0.781
    I112              0.644       NA                      0.644    0.644
    I27              -0.407       NA                     -0.407   -0.407
    I57              -0.331       NA                     -0.331   -0.331
    I87              -0.723       NA                     -0.723   -0.723
    I117             -0.814       NA                     -0.814   -0.814
    I3               -0.078       NA                     -0.078   -0.078
    I33               0.071       NA                      0.071    0.071
    I63               0.284       NA                      0.284    0.284
    I93               0.319       NA                      0.319    0.319
    I8               -0.063       NA                     -0.063   -0.063
    I38              -0.097       NA                     -0.097   -0.097
    I68              -0.027       NA                     -0.027   -0.027
    I98              -0.066       NA                     -0.066   -0.066
    I13               0.217       NA                      0.217    0.217
    I43              -0.088       NA                     -0.088   -0.088
    I73               0.024       NA                      0.024    0.024
    I103              0.011       NA                      0.011    0.011
    I18              -0.242       NA                     -0.242   -0.242
    I48              -0.376       NA                     -0.376   -0.376
    I78              -0.410       NA                     -0.410   -0.410
    I108             -0.204       NA                     -0.204   -0.204
    I23              -0.140       NA                     -0.140   -0.140
    I53              -0.101       NA                     -0.101   -0.101
    I83              -0.209       NA                     -0.209   -0.209
    I113             -0.098       NA                     -0.098   -0.098
    I28               0.072       NA                      0.072    0.072
    I58               0.029       NA                      0.029    0.029
    I88               0.120       NA                      0.120    0.120
    I118              0.169       NA                      0.169    0.169
    I4               -0.183       NA                     -0.183   -0.183
    I34              -0.143       NA                     -0.143   -0.143
    I64              -0.064       NA                     -0.064   -0.064
    I94              -0.232       NA                     -0.232   -0.232
    I9                0.145       NA                      0.145    0.145
    I39               0.060       NA                      0.060    0.060
    I69               0.106       NA                      0.106    0.106
    I99              -0.037       NA                     -0.037   -0.037
    I14              -0.125       NA                     -0.125   -0.125
    I44              -0.017       NA                     -0.017   -0.017
    I74               0.025       NA                      0.025    0.025
    I104             -0.143       NA                     -0.143   -0.143
    I19               0.216       NA                      0.216    0.216
    I49               0.000       NA                      0.000    0.000
    I79               0.041       NA                      0.041    0.041
    I109              0.050       NA                      0.050    0.050
    I24               0.300       NA                      0.300    0.300
    I54               0.819       NA                      0.819    0.819
    I84               0.800       NA                      0.800    0.800
    I114              0.174       NA                      0.174    0.174
    I29               0.124       NA                      0.124    0.124
    I59               0.130       NA                      0.130    0.130
    I89              -0.044       NA                     -0.044   -0.044
    I119             -0.009       NA                     -0.009   -0.009
    I5               -0.196       NA                     -0.196   -0.196
    I35              -0.376       NA                     -0.376   -0.376
    I65              -0.347       NA                     -0.347   -0.347
    I95              -0.377       NA                     -0.377   -0.377
    I10               0.086       NA                      0.086    0.086
    I40               0.107       NA                      0.107    0.107
    I70               0.109       NA                      0.109    0.109
    I100              0.133       NA                      0.133    0.133
    I15              -0.091       NA                     -0.091   -0.091
    I45              -0.029       NA                     -0.029   -0.029
    I75               0.261       NA                      0.261    0.261
    I105             -0.062       NA                     -0.062   -0.062
    I20              -0.129       NA                     -0.129   -0.129
    I50              -0.140       NA                     -0.140   -0.140
    I80              -0.133       NA                     -0.133   -0.133
    I110             -0.114       NA                     -0.114   -0.114
    I25              -0.096       NA                     -0.096   -0.096
    I55              -0.295       NA                     -0.295   -0.295
    I85              -0.228       NA                     -0.228   -0.228
    I115             -0.275       NA                     -0.275   -0.275
    I30               0.271       NA                      0.271    0.271
    I60               0.208       NA                      0.208    0.208
    I90               0.263       NA                      0.263    0.263
    I120              0.237       NA                      0.237    0.237
  N =~                                                                  
    I1                0.343       NA                      0.343    0.343
    I31               0.403       NA                      0.403    0.403
    I61               0.384       NA                      0.384    0.384
    I91               0.567       NA                      0.567    0.567
    I6                0.809       NA                      0.809    0.809
    I36               0.744       NA                      0.744    0.744
    I66               0.845       NA                      0.845    0.845
    I96               0.627       NA                      0.627    0.627
    I11               0.438       NA                      0.438    0.438
    I41               0.310       NA                      0.310    0.310
    I71               0.457       NA                      0.457    0.457
    I101              0.217       NA                      0.217    0.217
    I16              -0.044       NA                     -0.044   -0.044
    I46              -0.138       NA                     -0.138   -0.138
    I76               0.012       NA                      0.012    0.012
    I106             -0.026       NA                     -0.026   -0.026
    I21               0.515       NA                      0.515    0.515
    I51               0.440       NA                      0.440    0.440
    I81               0.524       NA                      0.524    0.524
    I111              0.461       NA                      0.461    0.461
    I26               0.489       NA                      0.489    0.489
    I56               0.362       NA                      0.362    0.362
    I86               0.375       NA                      0.375    0.375
    I116              0.420       NA                      0.420    0.420
  E =~                                                                  
    I2                0.361       NA                      0.361    0.361
    I32               0.338       NA                      0.338    0.338
    I62               0.207       NA                      0.207    0.207
    I92               0.122       NA                      0.122    0.122
    I7                0.788       NA                      0.788    0.788
    I37               0.611       NA                      0.611    0.611
    I67               0.271       NA                      0.271    0.271
    I97               0.509       NA                      0.509    0.509
    I12              -0.203       NA                     -0.203   -0.203
    I42              -0.082       NA                     -0.082   -0.082
    I72              -0.288       NA                     -0.288   -0.288
    I102             -0.165       NA                     -0.165   -0.165
    I17              -0.532       NA                     -0.532   -0.532
    I47              -0.320       NA                     -0.320   -0.320
    I77              -0.419       NA                     -0.419   -0.419
    I107             -0.401       NA                     -0.401   -0.401
    I22               0.791       NA                      0.791    0.791
    I52               0.639       NA                      0.639    0.639
    I82               1.102       NA                      1.102    1.102
    I112              1.136       NA                      1.136    1.136
    I27               0.168       NA                      0.168    0.168
    I57               0.402       NA                      0.402    0.402
    I87              -0.086       NA                     -0.086   -0.086
    I117             -0.182       NA                     -0.182   -0.182
  O =~                                                                  
    I3                0.479       NA                      0.479    0.479
    I33               0.532       NA                      0.532    0.532
    I63               0.624       NA                      0.624    0.624
    I93               0.567       NA                      0.567    0.567
    I8                0.660       NA                      0.660    0.660
    I38               0.529       NA                      0.529    0.529
    I68               0.550       NA                      0.550    0.550
    I98               0.596       NA                      0.596    0.596
    I13               0.464       NA                      0.464    0.464
    I43               0.494       NA                      0.494    0.494
    I73               0.361       NA                      0.361    0.361
    I103              0.474       NA                      0.474    0.474
    I18               0.305       NA                      0.305    0.305
    I48               0.254       NA                      0.254    0.254
    I78               0.257       NA                      0.257    0.257
    I108              0.348       NA                      0.348    0.348
    I23               0.332       NA                      0.332    0.332
    I53               0.527       NA                      0.527    0.527
    I83               0.401       NA                      0.401    0.401
    I113              0.515       NA                      0.515    0.515
    I28               0.530       NA                      0.530    0.530
    I58               0.250       NA                      0.250    0.250
    I88               0.522       NA                      0.522    0.522
    I118              0.257       NA                      0.257    0.257
  A =~                                                                  
    I4                0.495       NA                      0.495    0.495
    I34               0.491       NA                      0.491    0.491
    I64               0.527       NA                      0.527    0.527
    I94               0.532       NA                      0.532    0.532
    I9                0.614       NA                      0.614    0.614
    I39               0.613       NA                      0.613    0.613
    I69               0.747       NA                      0.747    0.747
    I99               0.534       NA                      0.534    0.534
    I14               0.545       NA                      0.545    0.545
    I44               0.618       NA                      0.618    0.618
    I74               0.542       NA                      0.542    0.542
    I104              0.525       NA                      0.525    0.525
    I19               0.448       NA                      0.448    0.448
    I49               0.638       NA                      0.638    0.638
    I79               0.654       NA                      0.654    0.654
    I109              0.592       NA                      0.592    0.592
    I24               0.490       NA                      0.490    0.490
    I54               0.468       NA                      0.468    0.468
    I84               0.503       NA                      0.503    0.503
    I114              0.430       NA                      0.430    0.430
    I29               0.434       NA                      0.434    0.434
    I59               0.523       NA                      0.523    0.523
    I89               0.528       NA                      0.528    0.528
    I119              0.464       NA                      0.464    0.464
  C =~                                                                  
    I5                0.558       NA                      0.558    0.558
    I35               0.359       NA                      0.359    0.359
    I65               0.424       NA                      0.424    0.424
    I95               0.390       NA                      0.390    0.390
    I10               0.524       NA                      0.524    0.524
    I40               0.562       NA                      0.562    0.562
    I70               0.664       NA                      0.664    0.664
    I100              0.634       NA                      0.634    0.634
    I15               0.608       NA                      0.608    0.608
    I45               0.478       NA                      0.478    0.478
    I75               0.582       NA                      0.582    0.582
    I105              0.600       NA                      0.600    0.600
    I20               0.588       NA                      0.588    0.588
    I50               0.493       NA                      0.493    0.493
    I80               0.594       NA                      0.594    0.594
    I110              0.531       NA                      0.531    0.531
    I25               0.473       NA                      0.473    0.473
    I55               0.417       NA                      0.417    0.417
    I85               0.526       NA                      0.526    0.526
    I115              0.407       NA                      0.407    0.407
    I30               0.808       NA                      0.808    0.808
    I60               0.785       NA                      0.785    0.785
    I90               0.829       NA                      0.829    0.829
    I120              0.857       NA                      0.857    0.857

Covariances:
                   Estimate  Std.Err  z-value  P(>|z|)   Std.lv  Std.all
  N ~~                                                                  
    E                 0.224       NA                      0.224    0.224
    O                 0.157       NA                      0.157    0.157
    A                -0.267       NA                     -0.267   -0.267
    C                -0.297       NA                     -0.297   -0.297
  E ~~                                                                  
    O                 0.235       NA                      0.235    0.235
    A                 0.097       NA                      0.097    0.097
    C                -0.139       NA                     -0.139   -0.139
  O ~~                                                                  
    A                 0.283       NA                      0.283    0.283
    C                -0.090       NA                     -0.090   -0.090
  A ~~                                                                  
    C                 0.354       NA                      0.354    0.354
  G ~~                                                                  
    N                -0.090       NA                     -0.090   -0.090
    E                -0.746       NA                     -0.746   -0.746
    O                -0.147       NA                     -0.147   -0.147
    A                -0.244       NA                     -0.244   -0.244
    C                -0.322       NA                     -0.322   -0.322

Thresholds:
                   Estimate  Std.Err  z-value  P(>|z|)   Std.lv  Std.all
    I1|t1            -3.144       NA                     -3.144   -3.144
    I1|t2            -1.777       NA                     -1.777   -1.777
    I1|t3            -0.955       NA                     -0.955   -0.955
    I1|t4            -0.512       NA                     -0.512   -0.512
    I1|t5             0.671       NA                      0.671    0.671
    I31|t1           -2.506       NA                     -2.506   -2.506
    I31|t2           -1.109       NA                     -1.109   -1.109
    I31|t3           -0.326       NA                     -0.326   -0.326
    I31|t4            0.146       NA                      0.146    0.146
    I31|t5            1.007       NA                      1.007    1.007
    I61|t1           -3.059       NA                     -3.059   -3.059
    I61|t2           -0.720       NA                     -0.720   -0.720
    I61|t3            0.191       NA                      0.191    0.191
    I61|t4            0.678       NA                      0.678    0.678
    I61|t5            1.576       NA                      1.576    1.576
    I91|t1           -2.686       NA                     -2.686   -2.686
    I91|t2           -1.103       NA                     -1.103   -1.103
    I91|t3           -0.344       NA                     -0.344   -0.344
    I91|t4            0.082       NA                      0.082    0.082
    I91|t5            0.929       NA                      0.929    0.929
    I6|t1            -2.807       NA                     -2.807   -2.807
    I6|t2            -1.069       NA                     -1.069   -1.069
    I6|t3            -0.327       NA                     -0.327   -0.327
    I6|t4             0.222       NA                      0.222    0.222
    I6|t5             1.106       NA                      1.106    1.106
    I36|t1           -2.616       NA                     -2.616   -2.616
    I36|t2           -1.418       NA                     -1.418   -1.418
    I36|t3           -0.609       NA                     -0.609   -0.609
    I36|t4           -0.110       NA                     -0.110   -0.110
    I36|t5            0.875       NA                      0.875    0.875
    I66|t1           -2.557       NA                     -2.557   -2.557
    I66|t2           -0.799       NA                     -0.799   -0.799
    I66|t3           -0.031       NA                     -0.031   -0.031
    I66|t4            0.391       NA                      0.391    0.391
    I66|t5            1.224       NA                      1.224    1.224
    I96|t1           -2.576       NA                     -2.576   -2.576
    I96|t2           -1.235       NA                     -1.235   -1.235
    I96|t3           -0.314       NA                     -0.314   -0.314
    I96|t4            0.097       NA                      0.097    0.097
    I96|t5            1.102       NA                      1.102    1.102
    I11|t1           -2.638       NA                     -2.638   -2.638
    I11|t2           -1.134       NA                     -1.134   -1.134
    I11|t3           -0.352       NA                     -0.352   -0.352
    I11|t4            0.233       NA                      0.233    0.233
    I11|t5            1.124       NA                      1.124    1.124
    I41|t1           -2.845       NA                     -2.845   -2.845
    I41|t2           -0.515       NA                     -0.515   -0.515
    I41|t3            0.148       NA                      0.148    0.148
    I41|t4            0.705       NA                      0.705    0.705
    I41|t5            1.521       NA                      1.521    1.521
    I71|t1           -2.539       NA                     -2.539   -2.539
    I71|t2           -0.745       NA                     -0.745   -0.745
    I71|t3           -0.017       NA                     -0.017   -0.017
    I71|t4            0.548       NA                      0.548    0.548
    I71|t5            1.339       NA                      1.339    1.339
    I101|t1          -2.446       NA                     -2.446   -2.446
    I101|t2          -0.660       NA                     -0.660   -0.660
    I101|t3           0.457       NA                      0.457    0.457
    I101|t4           0.870       NA                      0.870    0.870
    I101|t5           1.616       NA                      1.616    1.616
    I16|t1           -2.662       NA                     -2.662   -2.662
    I16|t2           -0.981       NA                     -0.981   -0.981
    I16|t3           -0.254       NA                     -0.254   -0.254
    I16|t4            0.216       NA                      0.216    0.216
    I16|t5            1.134       NA                      1.134    1.134
    I46|t1           -2.446       NA                     -2.446   -2.446
    I46|t2           -0.989       NA                     -0.989   -0.989
    I46|t3           -0.193       NA                     -0.193   -0.193
    I46|t4            0.343       NA                      0.343    0.343
    I46|t5            1.179       NA                      1.179    1.179
    I76|t1           -2.596       NA                     -2.596   -2.596
    I76|t2           -1.202       NA                     -1.202   -1.202
    I76|t3           -0.302       NA                     -0.302   -0.302
    I76|t4            0.128       NA                      0.128    0.128
    I76|t5            1.035       NA                      1.035    1.035
    I106|t1          -2.576       NA                     -2.576   -2.576
    I106|t2          -1.206       NA                     -1.206   -1.206
    I106|t3          -0.303       NA                     -0.303   -0.303
    I106|t4           0.098       NA                      0.098    0.098
    I106|t5           0.975       NA                      0.975    0.975
    I21|t1           -2.506       NA                     -2.506   -2.506
    I21|t2           -0.839       NA                     -0.839   -0.839
    I21|t3           -0.331       NA                     -0.331   -0.331
    I21|t4            0.316       NA                      0.316    0.316
    I21|t5            1.122       NA                      1.122    1.122
    I51|t1           -2.539       NA                     -2.539   -2.539
    I51|t2           -1.441       NA                     -1.441   -1.441
    I51|t3           -0.527       NA                     -0.527   -0.527
    I51|t4            0.221       NA                      0.221    0.221
    I51|t5            1.246       NA                      1.246    1.246
    I81|t1           -2.773       NA                     -2.773   -2.773
    I81|t2           -1.493       NA                     -1.493   -1.493
    I81|t3           -0.495       NA                     -0.495   -0.495
    I81|t4            0.048       NA                      0.048    0.048
    I81|t5            1.059       NA                      1.059    1.059
    I111|t1          -2.576       NA                     -2.576   -2.576
    I111|t2          -1.392       NA                     -1.392   -1.392
    I111|t3          -0.257       NA                     -0.257   -0.257
    I111|t4           0.235       NA                      0.235    0.235
    I111|t5           1.274       NA                      1.274    1.274
    I26|t1           -2.616       NA                     -2.616   -2.616
    I26|t2           -0.734       NA                     -0.734   -0.734
    I26|t3            0.041       NA                      0.041    0.041
    I26|t4            0.539       NA                      0.539    0.539
    I26|t5            1.372       NA                      1.372    1.372
    I56|t1           -2.490       NA                     -2.490   -2.490
    I56|t2           -1.202       NA                     -1.202   -1.202
    I56|t3           -0.268       NA                     -0.268   -0.268
    I56|t4            0.328       NA                      0.328    0.328
    I56|t5            1.369       NA                      1.369    1.369
    I86|t1           -2.596       NA                     -2.596   -2.596
    I86|t2           -0.600       NA                     -0.600   -0.600
    I86|t3            0.219       NA                      0.219    0.219
    I86|t4            0.695       NA                      0.695    0.695
    I86|t5            1.562       NA                      1.562    1.562
    I116|t1          -2.576       NA                     -2.576   -2.576
    I116|t2          -0.776       NA                     -0.776   -0.776
    I116|t3           0.382       NA                      0.382    0.382
    I116|t4           0.813       NA                      0.813    0.813
    I116|t5           1.603       NA                      1.603    1.603
    I2|t1            -2.887       NA                     -2.887   -2.887
    I2|t2            -1.611       NA                     -1.611   -1.611
    I2|t3            -0.839       NA                     -0.839   -0.839
    I2|t4            -0.371       NA                     -0.371   -0.371
    I2|t5             0.657       NA                      0.657    0.657
    I32|t1           -2.596       NA                     -2.596   -2.596
    I32|t2           -1.653       NA                     -1.653   -1.653
    I32|t3           -0.790       NA                     -0.790   -0.790
    I32|t4           -0.277       NA                     -0.277   -0.277
    I32|t5            0.759       NA                      0.759    0.759
    I62|t1           -2.887       NA                     -2.887   -2.887
    I62|t2           -1.751       NA                     -1.751   -1.751
    I62|t3           -0.840       NA                     -0.840   -0.840
    I62|t4           -0.327       NA                     -0.327   -0.327
    I62|t5            0.507       NA                      0.507    0.507
    I92|t1           -2.616       NA                     -2.616   -2.616
    I92|t2           -1.266       NA                     -1.266   -1.266
    I92|t3           -0.262       NA                     -0.262   -0.262
    I92|t4            0.212       NA                      0.212    0.212
    I92|t5            1.079       NA                      1.079    1.079
    I7|t1            -2.576       NA                     -2.576   -2.576
    I7|t2            -0.925       NA                     -0.925   -0.925
    I7|t3            -0.254       NA                     -0.254   -0.254
    I7|t4             0.232       NA                      0.232    0.232
    I7|t5             0.879       NA                      0.879    0.879
    I37|t1           -2.662       NA                     -2.662   -2.662
    I37|t2           -0.956       NA                     -0.956   -0.956
    I37|t3           -0.314       NA                     -0.314   -0.314
    I37|t4            0.138       NA                      0.138    0.138
    I37|t5            0.963       NA                      0.963    0.963
    I67|t1           -2.662       NA                     -2.662   -2.662
    I67|t2           -1.181       NA                     -1.181   -1.181
    I67|t3           -0.301       NA                     -0.301   -0.301
    I67|t4            0.425       NA                      0.425    0.425
    I67|t5            1.165       NA                      1.165    1.165
    I97|t1           -2.460       NA                     -2.460   -2.460
    I97|t2           -1.145       NA                     -1.145   -1.145
    I97|t3           -0.309       NA                     -0.309   -0.309
    I97|t4            0.138       NA                      0.138    0.138
    I97|t5            0.956       NA                      0.956    0.956
    I12|t1           -2.596       NA                     -2.596   -2.596
    I12|t2           -1.684       NA                     -1.684   -1.684
    I12|t3           -0.982       NA                     -0.982   -0.982
    I12|t4           -0.291       NA                     -0.291   -0.291
    I12|t5            0.839       NA                      0.839    0.839
    I42|t1           -2.506       NA                     -2.506   -2.506
    I42|t2           -1.360       NA                     -1.360   -1.360
    I42|t3           -0.742       NA                     -0.742   -0.742
    I42|t4           -0.074       NA                     -0.074   -0.074
    I42|t5            1.015       NA                      1.015    1.015
    I72|t1           -2.616       NA                     -2.616   -2.616
    I72|t2           -1.853       NA                     -1.853   -1.853
    I72|t3           -1.018       NA                     -1.018   -1.018
    I72|t4           -0.335       NA                     -0.335   -0.335
    I72|t5            0.955       NA                      0.955    0.955
    I102|t1          -2.419       NA                     -2.419   -2.419
    I102|t2          -1.632       NA                     -1.632   -1.632
    I102|t3          -0.637       NA                     -0.637   -0.637
    I102|t4          -0.061       NA                     -0.061   -0.061
    I102|t5           0.835       NA                      0.835    0.835
    I17|t1           -2.576       NA                     -2.576   -2.576
    I17|t2           -1.562       NA                     -1.562   -1.562
    I17|t3           -0.628       NA                     -0.628   -0.628
    I17|t4            0.119       NA                      0.119    0.119
    I17|t5            1.007       NA                      1.007    1.007
    I47|t1           -2.406       NA                     -2.406   -2.406
    I47|t2           -1.661       NA                     -1.661   -1.661
    I47|t3           -0.748       NA                     -0.748   -0.748
    I47|t4            0.014       NA                      0.014    0.014
    I47|t5            0.913       NA                      0.913    0.913
    I77|t1           -2.539       NA                     -2.539   -2.539
    I77|t2           -1.405       NA                     -1.405   -1.405
    I77|t3           -0.485       NA                     -0.485   -0.485
    I77|t4            0.103       NA                      0.103    0.103
    I77|t5            1.030       NA                      1.030    1.030
    I107|t1          -2.557       NA                     -2.557   -2.557
    I107|t2          -0.550       NA                     -0.550   -0.550
    I107|t3           0.604       NA                      0.604    0.604
    I107|t4           1.189       NA                      1.189    1.189
    I107|t5           1.941       NA                      1.941    1.941
    I22|t1           -2.662       NA                     -2.662   -2.662
    I22|t2           -2.268       NA                     -2.268   -2.268
    I22|t3           -1.576       NA                     -1.576   -1.576
    I22|t4           -0.907       NA                     -0.907   -0.907
    I22|t5            0.171       NA                      0.171    0.171
    I52|t1           -2.638       NA                     -2.638   -2.638
    I52|t2           -1.774       NA                     -1.774   -1.774
    I52|t3           -1.005       NA                     -1.005   -1.005
    I52|t4           -0.366       NA                     -0.366   -0.366
    I52|t5            0.727       NA                      0.727    0.727
    I82|t1           -2.638       NA                     -2.638   -2.638
    I82|t2           -0.659       NA                     -0.659   -0.659
    I82|t3           -0.016       NA                     -0.016   -0.016
    I82|t4            0.501       NA                      0.501    0.501
    I82|t5            1.428       NA                      1.428    1.428
    I112|t1          -2.638       NA                     -2.638   -2.638
    I112|t2          -0.770       NA                     -0.770   -0.770
    I112|t3          -0.112       NA                     -0.112   -0.112
    I112|t4           0.402       NA                      0.402    0.402
    I112|t5           1.246       NA                      1.246    1.246
    I27|t1           -2.522       NA                     -2.522   -2.522
    I27|t2           -1.480       NA                     -1.480   -1.480
    I27|t3           -0.722       NA                     -0.722   -0.722
    I27|t4            0.131       NA                      0.131    0.131
    I27|t5            1.136       NA                      1.136    1.136
    I57|t1           -2.370       NA                     -2.370   -2.370
    I57|t2           -1.873       NA                     -1.873   -1.873
    I57|t3           -1.181       NA                     -1.181   -1.181
    I57|t4           -0.522       NA                     -0.522   -0.522
    I57|t5            0.482       NA                      0.482    0.482
    I87|t1           -2.576       NA                     -2.576   -2.576
    I87|t2           -1.684       NA                     -1.684   -1.684
    I87|t3           -1.171       NA                     -1.171   -1.171
    I87|t4           -0.585       NA                     -0.585   -0.585
    I87|t5            0.258       NA                      0.258    0.258
    I117|t1          -2.576       NA                     -2.576   -2.576
    I117|t2          -1.550       NA                     -1.550   -1.550
    I117|t3          -0.873       NA                     -0.873   -0.873
    I117|t4          -0.357       NA                     -0.357   -0.357
    I117|t5           0.659       NA                      0.659    0.659
    I3|t1            -2.845       NA                     -2.845   -2.845
    I3|t2            -2.042       NA                     -2.042   -2.042
    I3|t3            -1.428       NA                     -1.428   -1.428
    I3|t4            -0.855       NA                     -0.855   -0.855
    I3|t5             0.098       NA                      0.098    0.098
    I33|t1           -2.713       NA                     -2.713   -2.713
    I33|t2           -1.508       NA                     -1.508   -1.508
    I33|t3           -0.929       NA                     -0.929   -0.929
    I33|t4           -0.373       NA                     -0.373   -0.373
    I33|t5            0.469       NA                      0.469    0.469
    I63|t1           -2.935       NA                     -2.935   -2.935
    I63|t2           -1.826       NA                     -1.826   -1.826
    I63|t3           -1.213       NA                     -1.213   -1.213
    I63|t4           -0.707       NA                     -0.707   -0.707
    I63|t5            0.237       NA                      0.237    0.237
    I93|t1           -2.596       NA                     -2.596   -2.596
    I93|t2           -1.754       NA                     -1.754   -1.754
    I93|t3           -1.109       NA                     -1.109   -1.109
    I93|t4           -0.632       NA                     -0.632   -0.632
    I93|t5            0.388       NA                      0.388    0.388
    I8|t1            -2.576       NA                     -2.576   -2.576
    I8|t2            -1.569       NA                     -1.569   -1.569
    I8|t3            -1.000       NA                     -1.000   -1.000
    I8|t4            -0.382       NA                     -0.382   -0.382
    I8|t5             0.364       NA                      0.364    0.364
    I38|t1           -2.616       NA                     -2.616   -2.616
    I38|t2           -2.005       NA                     -2.005   -2.005
    I38|t3           -1.414       NA                     -1.414   -1.414
    I38|t4           -0.732       NA                     -0.732   -0.732
    I38|t5            0.377       NA                      0.377    0.377
    I68|t1           -2.686       NA                     -2.686   -2.686
    I68|t2           -1.324       NA                     -1.324   -1.324
    I68|t3           -0.724       NA                     -0.724   -0.724
    I68|t4           -0.264       NA                     -0.264   -0.264
    I68|t5            0.452       NA                      0.452    0.452
    I98|t1           -2.596       NA                     -2.596   -2.596
    I98|t2           -1.235       NA                     -1.235   -1.235
    I98|t3           -0.735       NA                     -0.735   -0.735
    I98|t4           -0.303       NA                     -0.303   -0.303
    I98|t5            0.403       NA                      0.403    0.403
    I13|t1           -2.576       NA                     -2.576   -2.576
    I13|t2           -1.658       NA                     -1.658   -1.658
    I13|t3           -1.028       NA                     -1.028   -1.028
    I13|t4           -0.462       NA                     -0.462   -0.462
    I13|t5            0.452       NA                      0.452    0.452
    I43|t1           -2.616       NA                     -2.616   -2.616
    I43|t2           -1.910       NA                     -1.910   -1.910
    I43|t3           -1.298       NA                     -1.298   -1.298
    I43|t4           -0.739       NA                     -0.739   -0.739
    I43|t5            0.533       NA                      0.533    0.533
    I73|t1           -2.446       NA                     -2.446   -2.446
    I73|t2           -1.586       NA                     -1.586   -1.586
    I73|t3           -0.851       NA                     -0.851   -0.851
    I73|t4           -0.377       NA                     -0.377   -0.377
    I73|t5            0.521       NA                      0.521    0.521
    I103|t1          -2.807       NA                     -2.807   -2.807
    I103|t2          -1.780       NA                     -1.780   -1.780
    I103|t3          -1.039       NA                     -1.039   -1.039
    I103|t4          -0.601       NA                     -0.601   -0.601
    I103|t5           0.306       NA                      0.306    0.306
    I18|t1           -2.596       NA                     -2.596   -2.596
    I18|t2           -1.650       NA                     -1.650   -1.650
    I18|t3           -0.913       NA                     -0.913   -0.913
    I18|t4           -0.287       NA                     -0.287   -0.287
    I18|t5            0.553       NA                      0.553    0.553
    I48|t1           -2.596       NA                     -2.596   -2.596
    I48|t2           -1.069       NA                     -1.069   -1.069
    I48|t3            0.011       NA                      0.011    0.011
    I48|t4            0.572       NA                      0.572    0.572
    I48|t5            1.608       NA                      1.608    1.608
    I78|t1           -2.616       NA                     -2.616   -2.616
    I78|t2           -1.348       NA                     -1.348   -1.348
    I78|t3           -0.468       NA                     -0.468   -0.468
    I78|t4            0.103       NA                      0.103    0.103
    I78|t5            1.021       NA                      1.021    1.021
    I108|t1          -2.596       NA                     -2.596   -2.596
    I108|t2          -1.616       NA                     -1.616   -1.616
    I108|t3          -0.626       NA                     -0.626   -0.626
    I108|t4           0.238       NA                      0.238    0.238
    I108|t5           1.084       NA                      1.084    1.084
    I23|t1           -2.539       NA                     -2.539   -2.539
    I23|t2           -1.416       NA                     -1.416   -1.416
    I23|t3           -0.827       NA                     -0.827   -0.827
    I23|t4           -0.284       NA                     -0.284   -0.284
    I23|t5            0.573       NA                      0.573    0.573
    I53|t1           -2.506       NA                     -2.506   -2.506
    I53|t2           -1.581       NA                     -1.581   -1.581
    I53|t3           -1.046       NA                     -1.046   -1.046
    I53|t4           -0.452       NA                     -0.452   -0.452
    I53|t5            0.322       NA                      0.322    0.322
    I83|t1           -2.686       NA                     -2.686   -2.686
    I83|t2           -1.823       NA                     -1.823   -1.823
    I83|t3           -1.136       NA                     -1.136   -1.136
    I83|t4           -0.523       NA                     -0.523   -0.523
    I83|t5            0.376       NA                      0.376    0.376
    I113|t1          -2.713       NA                     -2.713   -2.713
    I113|t2          -1.574       NA                     -1.574   -1.574
    I113|t3          -1.035       NA                     -1.035   -1.035
    I113|t4          -0.488       NA                     -0.488   -0.488
    I113|t5           0.339       NA                      0.339    0.339
    I28|t1           -2.557       NA                     -2.557   -2.557
    I28|t2           -0.851       NA                     -0.851   -0.851
    I28|t3           -0.549       NA                     -0.549   -0.549
    I28|t4            0.370       NA                      0.370    0.370
    I28|t5            0.967       NA                      0.967    0.967
    I58|t1           -2.370       NA                     -2.370   -2.370
    I58|t2           -0.868       NA                     -0.868   -0.868
    I58|t3           -0.331       NA                     -0.331   -0.331
    I58|t4            0.081       NA                      0.081    0.081
    I58|t5            0.805       NA                      0.805    0.805
    I88|t1           -2.539       NA                     -2.539   -2.539
    I88|t2           -1.251       NA                     -1.251   -1.251
    I88|t3           -0.805       NA                     -0.805   -0.805
    I88|t4            0.165       NA                      0.165    0.165
    I88|t5            0.494       NA                      0.494    0.494
    I118|t1          -2.596       NA                     -2.596   -2.596
    I118|t2          -0.364       NA                     -0.364   -0.364
    I118|t3           0.600       NA                      0.600    0.600
    I118|t4           1.288       NA                      1.288    1.288
    I118|t5           1.906       NA                      1.906    1.906
    I4|t1            -2.616       NA                     -2.616   -2.616
    I4|t2            -1.495       NA                     -1.495   -1.495
    I4|t3            -0.569       NA                     -0.569   -0.569
    I4|t4            -0.046       NA                     -0.046   -0.046
    I4|t5             1.203       NA                      1.203    1.203
    I34|t1           -2.638       NA                     -2.638   -2.638
    I34|t2           -1.710       NA                     -1.710   -1.710
    I34|t3           -0.878       NA                     -0.878   -0.878
    I34|t4           -0.198       NA                     -0.198   -0.198
    I34|t5            1.199       NA                      1.199    1.199
    I64|t1           -2.991       NA                     -2.991   -2.991
    I64|t2           -1.497       NA                     -1.497   -1.497
    I64|t3           -0.557       NA                     -0.557   -0.557
    I64|t4            0.026       NA                      0.026    0.026
    I64|t5            1.432       NA                      1.432    1.432
    I94|t1           -2.406       NA                     -2.406   -2.406
    I94|t2           -1.413       NA                     -1.413   -1.413
    I94|t3           -0.538       NA                     -0.538   -0.538
    I94|t4            0.052       NA                      0.052    0.052
    I94|t5            1.113       NA                      1.113    1.113
    I9|t1            -2.539       NA                     -2.539   -2.539
    I9|t2            -1.853       NA                     -1.853   -1.853
    I9|t3            -0.932       NA                     -0.932   -0.932
    I9|t4            -0.166       NA                     -0.166   -0.166
    I9|t5             0.532       NA                      0.532    0.532
    I39|t1           -2.557       NA                     -2.557   -2.557
    I39|t2           -1.937       NA                     -1.937   -1.937
    I39|t3           -1.178       NA                     -1.178   -1.178
    I39|t4           -0.620       NA                     -0.620   -0.620
    I39|t5            0.029       NA                      0.029    0.029
    I69|t1           -2.638       NA                     -2.638   -2.638
    I69|t2           -2.156       NA                     -2.156   -2.156
    I69|t3           -1.269       NA                     -1.269   -1.269
    I69|t4           -0.731       NA                     -0.731   -0.731
    I69|t5            0.033       NA                      0.033    0.033
    I99|t1           -2.506       NA                     -2.506   -2.506
    I99|t2           -2.177       NA                     -2.177   -2.177
    I99|t3           -1.632       NA                     -1.632   -1.632
    I99|t4           -0.784       NA                     -0.784   -0.784
    I99|t5            0.110       NA                      0.110    0.110
    I14|t1           -2.596       NA                     -2.596   -2.596
    I14|t2           -2.083       NA                     -2.083   -2.083
    I14|t3           -1.482       NA                     -1.482   -1.482
    I14|t4           -0.775       NA                     -0.775   -0.775
    I14|t5            0.386       NA                      0.386    0.386
    I44|t1           -2.662       NA                     -2.662   -2.662
    I44|t2           -2.225       NA                     -2.225   -2.225
    I44|t3           -1.637       NA                     -1.637   -1.637
    I44|t4           -1.080       NA                     -1.080   -1.080
    I44|t5            0.309       NA                      0.309    0.309
    I74|t1           -2.638       NA                     -2.638   -2.638
    I74|t2           -2.026       NA                     -2.026   -2.026
    I74|t3           -1.326       NA                     -1.326   -1.326
    I74|t4           -0.618       NA                     -0.618   -0.618
    I74|t5            0.290       NA                      0.290    0.290
    I104|t1          -2.596       NA                     -2.596   -2.596
    I104|t2          -2.042       NA                     -2.042   -2.042
    I104|t3          -1.516       NA                     -1.516   -1.516
    I104|t4          -0.962       NA                     -0.962   -0.962
    I104|t5           0.196       NA                      0.196    0.196
    I19|t1           -2.713       NA                     -2.713   -2.713
    I19|t2           -1.134       NA                     -1.134   -1.134
    I19|t3           -0.441       NA                     -0.441   -0.441
    I19|t4           -0.006       NA                     -0.006   -0.006
    I19|t5            0.555       NA                      0.555    0.555
    I49|t1           -2.596       NA                     -2.596   -2.596
    I49|t2           -1.480       NA                     -1.480   -1.480
    I49|t3           -0.743       NA                     -0.743   -0.743
    I49|t4           -0.237       NA                     -0.237   -0.237
    I49|t5            0.451       NA                      0.451    0.451
    I79|t1           -2.522       NA                     -2.522   -2.522
    I79|t2           -1.645       NA                     -1.645   -1.645
    I79|t3           -0.864       NA                     -0.864   -0.864
    I79|t4           -0.397       NA                     -0.397   -0.397
    I79|t5            0.260       NA                      0.260    0.260
    I109|t1          -2.446       NA                     -2.446   -2.446
    I109|t2          -1.411       NA                     -1.411   -1.411
    I109|t3          -0.544       NA                     -0.544   -0.544
    I109|t4          -0.063       NA                     -0.063   -0.063
    I109|t5           0.705       NA                      0.705    0.705
    I24|t1           -2.662       NA                     -2.662   -2.662
    I24|t2           -1.374       NA                     -1.374   -1.374
    I24|t3           -0.409       NA                     -0.409   -0.409
    I24|t4            0.165       NA                      0.165    0.165
    I24|t5            0.722       NA                      0.722    0.722
    I54|t1           -2.596       NA                     -2.596   -2.596
    I54|t2           -1.088       NA                     -1.088   -1.088
    I54|t3           -0.011       NA                     -0.011   -0.011
    I54|t4            0.665       NA                      0.665    0.665
    I54|t5            1.344       NA                      1.344    1.344
    I84|t1           -2.686       NA                     -2.686   -2.686
    I84|t2           -1.120       NA                     -1.120   -1.120
    I84|t3           -0.046       NA                     -0.046   -0.046
    I84|t4            0.512       NA                      0.512    0.512
    I84|t5            1.227       NA                      1.227    1.227
    I114|t1          -2.807       NA                     -2.807   -2.807
    I114|t2          -1.937       NA                     -1.937   -1.937
    I114|t3          -1.057       NA                     -1.057   -1.057
    I114|t4          -0.372       NA                     -0.372   -0.372
    I114|t5           0.431       NA                      0.431    0.431
    I29|t1           -2.576       NA                     -2.576   -2.576
    I29|t2           -1.501       NA                     -1.501   -1.501
    I29|t3           -0.819       NA                     -0.819   -0.819
    I29|t4           -0.180       NA                     -0.180   -0.180
    I29|t5            0.815       NA                      0.815    0.815
    I59|t1           -2.446       NA                     -2.446   -2.446
    I59|t2           -1.798       NA                     -1.798   -1.798
    I59|t3           -1.182       NA                     -1.182   -1.182
    I59|t4           -0.690       NA                     -0.690   -0.690
    I59|t5            0.462       NA                      0.462    0.462
    I89|t1           -2.557       NA                     -2.557   -2.557
    I89|t2           -1.823       NA                     -1.823   -1.823
    I89|t3           -1.144       NA                     -1.144   -1.144
    I89|t4           -0.699       NA                     -0.699   -0.699
    I89|t5            0.406       NA                      0.406    0.406
    I119|t1          -2.638       NA                     -2.638   -2.638
    I119|t2          -1.784       NA                     -1.784   -1.784
    I119|t3          -0.923       NA                     -0.923   -0.923
    I119|t4          -0.235       NA                     -0.235   -0.235
    I119|t5           0.769       NA                      0.769    0.769
    I5|t1            -2.807       NA                     -2.807   -2.807
    I5|t2            -2.250       NA                     -2.250   -2.250
    I5|t3            -1.358       NA                     -1.358   -1.358
    I5|t4            -0.747       NA                     -0.747   -0.747
    I5|t5             0.543       NA                      0.543    0.543
    I35|t1           -2.616       NA                     -2.616   -2.616
    I35|t2           -2.156       NA                     -2.156   -2.156
    I35|t3           -1.603       NA                     -1.603   -1.603
    I35|t4           -0.790       NA                     -0.790   -0.790
    I35|t5            0.493       NA                      0.493    0.493
    I65|t1           -2.686       NA                     -2.686   -2.686
    I65|t2           -2.225       NA                     -2.225   -2.225
    I65|t3           -1.367       NA                     -1.367   -1.367
    I65|t4           -0.522       NA                     -0.522   -0.522
    I65|t5            1.085       NA                      1.085    1.085
    I95|t1           -2.662       NA                     -2.662   -2.662
    I95|t2           -2.216       NA                     -2.216   -2.216
    I95|t3           -1.552       NA                     -1.552   -1.552
    I95|t4           -0.864       NA                     -0.864   -0.864
    I95|t5            0.621       NA                      0.621    0.621
    I10|t1           -2.539       NA                     -2.539   -2.539
    I10|t2           -1.202       NA                     -1.202   -1.202
    I10|t3           -0.536       NA                     -0.536   -0.536
    I10|t4            0.019       NA                      0.019    0.019
    I10|t5            0.925       NA                      0.925    0.925
    I40|t1           -2.662       NA                     -2.662   -2.662
    I40|t2           -0.994       NA                     -0.994   -0.994
    I40|t3           -0.131       NA                     -0.131   -0.131
    I40|t4            0.280       NA                      0.280    0.280
    I40|t5            0.989       NA                      0.989    0.989
    I70|t1           -2.773       NA                     -2.773   -2.773
    I70|t2           -0.648       NA                     -0.648   -0.648
    I70|t3            0.117       NA                      0.117    0.117
    I70|t4            0.465       NA                      0.465    0.465
    I70|t5            1.046       NA                      1.046    1.046
    I100|t1          -2.506       NA                     -2.506   -2.506
    I100|t2          -1.106       NA                     -1.106   -1.106
    I100|t3          -0.124       NA                     -0.124   -0.124
    I100|t4           0.239       NA                      0.239    0.239
    I100|t5           0.931       NA                      0.931    0.931
    I15|t1           -2.773       NA                     -2.773   -2.773
    I15|t2           -2.316       NA                     -2.316   -2.316
    I15|t3           -1.583       NA                     -1.583   -1.583
    I15|t4           -0.965       NA                     -0.965   -0.965
    I15|t5            0.350       NA                      0.350    0.350
    I45|t1           -2.490       NA                     -2.490   -2.490
    I45|t2           -2.128       NA                     -2.128   -2.128
    I45|t3           -1.468       NA                     -1.468   -1.468
    I45|t4           -0.783       NA                     -0.783   -0.783
    I45|t5            0.590       NA                      0.590    0.590
    I75|t1           -2.539       NA                     -2.539   -2.539
    I75|t2           -1.370       NA                     -1.370   -1.370
    I75|t3           -0.353       NA                     -0.353   -0.353
    I75|t4            0.134       NA                      0.134    0.134
    I75|t5            0.917       NA                      0.917    0.917
    I105|t1          -2.446       NA                     -2.446   -2.446
    I105|t2          -2.149       NA                     -2.149   -2.149
    I105|t3          -1.383       NA                     -1.383   -1.383
    I105|t4          -0.849       NA                     -0.849   -0.849
    I105|t5           0.170       NA                      0.170    0.170
    I20|t1           -2.576       NA                     -2.576   -2.576
    I20|t2           -1.965       NA                     -1.965   -1.965
    I20|t3           -1.369       NA                     -1.369   -1.369
    I20|t4           -0.727       NA                     -0.727   -0.727
    I20|t5            0.382       NA                      0.382    0.382
    I50|t1           -2.557       NA                     -2.557   -2.557
    I50|t2           -1.897       NA                     -1.897   -1.897
    I50|t3           -1.103       NA                     -1.103   -1.103
    I50|t4           -0.265       NA                     -0.265   -0.265
    I50|t5            0.883       NA                      0.883    0.883
    I80|t1           -2.522       NA                     -2.522   -2.522
    I80|t2           -1.466       NA                     -1.466   -1.466
    I80|t3           -0.686       NA                     -0.686   -0.686
    I80|t4           -0.244       NA                     -0.244   -0.244
    I80|t5            0.576       NA                      0.576    0.576
    I110|t1          -2.638       NA                     -2.638   -2.638
    I110|t2          -1.754       NA                     -1.754   -1.754
    I110|t3          -1.026       NA                     -1.026   -1.026
    I110|t4          -0.673       NA                     -0.673   -0.673
    I110|t5           0.243       NA                      0.243    0.243
    I25|t1           -2.616       NA                     -2.616   -2.616
    I25|t2           -1.695       NA                     -1.695   -1.695
    I25|t3           -0.667       NA                     -0.667   -0.667
    I25|t4            0.077       NA                      0.077    0.077
    I25|t5            1.369       NA                      1.369    1.369
    I55|t1           -2.359       NA                     -2.359   -2.359
    I55|t2           -1.965       NA                     -1.965   -1.965
    I55|t3           -1.126       NA                     -1.126   -1.126
    I55|t4           -0.417       NA                     -0.417   -0.417
    I55|t5            1.019       NA                      1.019    1.019
    I85|t1           -2.686       NA                     -2.686   -2.686
    I85|t2           -1.355       NA                     -1.355   -1.355
    I85|t3           -0.350       NA                     -0.350   -0.350
    I85|t4            0.205       NA                      0.205    0.205
    I85|t5            1.046       NA                      1.046    1.046
    I115|t1          -2.432       NA                     -2.432   -2.432
    I115|t2          -1.392       NA                     -1.392   -1.392
    I115|t3          -0.402       NA                     -0.402   -0.402
    I115|t4           0.024       NA                      0.024    0.024
    I115|t5           0.909       NA                      0.909    0.909
    I30|t1           -2.557       NA                     -2.557   -2.557
    I30|t2           -1.117       NA                     -1.117   -1.117
    I30|t3           -0.198       NA                     -0.198   -0.198
    I30|t4            0.257       NA                      0.257    0.257
    I30|t5            1.069       NA                      1.069    1.069
    I60|t1           -2.596       NA                     -2.596   -2.596
    I60|t2           -1.267       NA                     -1.267   -1.267
    I60|t3           -0.435       NA                     -0.435   -0.435
    I60|t4            0.232       NA                      0.232    0.232
    I60|t5            1.025       NA                      1.025    1.025
    I90|t1           -2.539       NA                     -2.539   -2.539
    I90|t2           -1.254       NA                     -1.254   -1.254
    I90|t3           -0.225       NA                     -0.225   -0.225
    I90|t4            0.214       NA                      0.214    0.214
    I90|t5            1.057       NA                      1.057    1.057
    I120|t1          -2.596       NA                     -2.596   -2.596
    I120|t2          -1.329       NA                     -1.329   -1.329
    I120|t3          -0.470       NA                     -0.470   -0.470
    I120|t4          -0.019       NA                     -0.019   -0.019
    I120|t5           0.790       NA                      0.790    0.790

Variances:
                   Estimate  Std.Err  z-value  P(>|z|)   Std.lv  Std.all
   .I1                0.753                               0.753    0.753
   .I31               0.648                               0.648    0.648
   .I61               0.619                               0.619    0.619
   .I91               0.500                               0.500    0.500
   .I6                0.337                               0.337    0.337
   .I36               0.409                               0.409    0.409
   .I66               0.274                               0.274    0.274
   .I96               0.568                               0.568    0.568
   .I11               0.522                               0.522    0.522
   .I41               0.491                               0.491    0.491
   .I71               0.398                               0.398    0.398
   .I101              0.591                               0.591    0.591
   .I16               0.610                               0.610    0.610
   .I46               0.665                               0.665    0.665
   .I76               0.722                               0.722    0.722
   .I106              0.788                               0.788    0.788
   .I21               0.733                               0.733    0.733
   .I51               0.807                               0.807    0.807
   .I81               0.724                               0.724    0.724
   .I111              0.757                               0.757    0.757
   .I26               0.592                               0.592    0.592
   .I56               0.739                               0.739    0.739
   .I86               0.545                               0.545    0.545
   .I116              0.670                               0.670    0.670
   .I2                0.555                               0.555    0.555
   .I32               0.444                               0.444    0.444
   .I62               0.475                               0.475    0.475
   .I92               0.665                               0.665    0.665
   .I7                0.531                               0.531    0.531
   .I37               0.468                               0.468    0.468
   .I67               0.741                               0.741    0.741
   .I97               0.559                               0.559    0.559
   .I12               0.572                               0.572    0.572
   .I42               0.694                               0.694    0.694
   .I72               0.545                               0.545    0.545
   .I102              0.647                               0.647    0.647
   .I17               0.709                               0.709    0.709
   .I47               0.748                               0.748    0.748
   .I77               0.676                               0.676    0.676
   .I107              0.922                               0.922    0.922
   .I22               0.586                               0.586    0.586
   .I52               0.653                               0.653    0.653
   .I82               0.460                               0.460    0.460
   .I112              0.387                               0.387    0.387
   .I27               0.704                               0.704    0.704
   .I57               0.529                               0.529    0.529
   .I87               0.563                               0.563    0.563
   .I117              0.526                               0.526    0.526
   .I3                0.754                               0.754    0.754
   .I33               0.723                               0.723    0.723
   .I63               0.581                               0.581    0.581
   .I93               0.630                               0.630    0.630
   .I8                0.549                               0.549    0.549
   .I38               0.695                               0.695    0.695
   .I68               0.692                               0.692    0.692
   .I98               0.628                               0.628    0.628
   .I13               0.767                               0.767    0.767
   .I43               0.736                               0.736    0.736
   .I73               0.872                               0.872    0.872
   .I103              0.777                               0.777    0.777
   .I18               0.827                               0.827    0.827
   .I48               0.766                               0.766    0.766
   .I78               0.735                               0.735    0.735
   .I108              0.817                               0.817    0.817
   .I23               0.856                               0.856    0.856
   .I53               0.697                               0.697    0.697
   .I83               0.771                               0.771    0.771
   .I113              0.711                               0.711    0.711
   .I28               0.725                               0.725    0.725
   .I58               0.939                               0.939    0.939
   .I88               0.731                               0.731    0.731
   .I118              0.918                               0.918    0.918
   .I4                0.678                               0.678    0.678
   .I34               0.704                               0.704    0.704
   .I64               0.701                               0.701    0.701
   .I94               0.603                               0.603    0.603
   .I9                0.646                               0.646    0.646
   .I39               0.638                               0.638    0.638
   .I69               0.469                               0.469    0.469
   .I99               0.703                               0.703    0.703
   .I14               0.654                               0.654    0.654
   .I44               0.612                               0.612    0.612
   .I74               0.713                               0.713    0.713
   .I104              0.667                               0.667    0.667
   .I19               0.799                               0.799    0.799
   .I49               0.593                               0.593    0.593
   .I79               0.584                               0.584    0.584
   .I109              0.662                               0.662    0.662
   .I24               0.742                               0.742    0.742
   .I54               0.297                               0.297    0.297
   .I84               0.304                               0.304    0.304
   .I114              0.822                               0.822    0.822
   .I29               0.823                               0.823    0.823
   .I59               0.743                               0.743    0.743
   .I89               0.708                               0.708    0.708
   .I119              0.783                               0.783    0.783
   .I5                0.581                               0.581    0.581
   .I35               0.643                               0.643    0.643
   .I65               0.605                               0.605    0.605
   .I95               0.611                               0.611    0.611
   .I10               0.747                               0.747    0.747
   .I40               0.711                               0.711    0.711
   .I70               0.593                               0.593    0.593
   .I100              0.634                               0.634    0.634
   .I15               0.586                               0.586    0.586
   .I45               0.762                               0.762    0.762
   .I75               0.691                               0.691    0.691
   .I105              0.612                               0.612    0.612
   .I20               0.589                               0.589    0.589
   .I50               0.693                               0.693    0.693
   .I80               0.579                               0.579    0.579
   .I110              0.666                               0.666    0.666
   .I25               0.738                               0.738    0.738
   .I55               0.660                               0.660    0.660
   .I85               0.594                               0.594    0.594
   .I115              0.687                               0.687    0.687
   .I30               0.415                               0.415    0.415
   .I60               0.446                               0.446    0.446
   .I90               0.384                               0.384    0.384
   .I120              0.341                               0.341    0.341
    G                 1.000                               1.000    1.000
    N                 1.000                               1.000    1.000
    E                 1.000                               1.000    1.000
    O                 1.000                               1.000    1.000
    A                 1.000                               1.000    1.000
    C                 1.000                               1.000    1.000

> 
> # 7. 查看拟合指标
> fitMeasures(fit_bi, c("cfi","tli","rmsea","srmr"))
  cfi   tli rmsea  srmr 
0.830 0.823 0.100 0.088 
> 
> # 8. 查看潜变量协方差，确保正定
> lavInspect(fit_bi, "cov.lv")
       G      N      E      O      A      C
G  1.000                                   
N -0.090  1.000                            
E -0.746  0.224  1.000                     
O -0.147  0.157  0.235  1.000              
A -0.244 -0.267  0.097  0.283  1.000       
C -0.322 -0.297 -0.139 -0.090  0.354  1.000
> 
> 
